2026-09-28T19:42:30+08:00
[vulkan_compat] NVIDIA 595 allocation limit: UINT64_MAX -> 4292870144
Starting kit application with the following args:  ['/path/to/robodojo-openwam/envs/RoboDojo/lib/python3.11/site-packages/isaacsim/exts/isaacsim.simulation_app/isaacsim/simulation_app/simulation_app.py', '/path/to/robodojo-openwam/envs/RoboDojo/lib/python3.11/site-packages/isaacsim/apps/isaacsim.exp.base.python.kit', '--/app/tokens/exe-path=/path/to/robodojo-openwam/envs/RoboDojo/lib/python3.11/site-packages/isaacsim/kit', '--/persistent/app/viewport/displayOptions=3094', '--/rtx/materialDb/syncLoads=True', '--/rtx/hydra/materialSyncLoads=True', '--/omni.kit.plugin/syncUsdLoads=True', '--/app/renderer/resolution/width=1280', '--/app/renderer/resolution/height=720', '--/app/window/width=1440', '--/app/window/height=900', '--/renderer/multiGpu/enabled=False', '--/app/fastShutdown=True', '--/app/installSignalHandlers=0', '--ext-folder', '/path/to/robodojo-openwam/envs/RoboDojo/lib/python3.11/site-packages/isaacsim/exts', '--ext-folder', '/path/to/robodojo-openwam/envs/RoboDojo/lib/python3.11/site-packages/isaacsim/apps', '--/renderer/multiGpu/autoEnable=false', '--/renderer/multiGpu/maxGpuCount=1', '--/renderer/activeGpu=2', '--/physics/cudaDevice=2', '--/plugins/carb.tasking.plugin/threadCount=32', '--/plugins/omni.tbb.globalcontrol/maxThreadCount=32', '--portable', '--no-window', '--/app/window/hideUi=1']
Passing the following args to the base kit application:  []
[Info] [carb] Logging to file: /path/to/robodojo-openwam/envs/RoboDojo/lib/python3.11/site-packages/isaacsim/kit/logs/Kit/Isaac-Sim Python/5.1/kit_20260928_194231.log
2026-09-28T11:42:31Z [2ms] [Warning] [carb.crashreporter-breakpad.plugin] [previous crash] preventing upload of minidump due to user opt-out: '/path/to/robodojo-openwam/envs/RoboDojo/lib/python3.11/site-packages/isaacsim/kit/data/Kit/Isaac-Sim Python/5.1/86245772-0e93-459f-0bf42396-7f2dcb70.dmp'
[0.131s] [ext: omni.kit.async_engine-0.0.3] startup
[0.692s] [ext: omni.metrics.core-0.0.3] startup
[0.693s] [ext: omni.client.lib-1.1.0] startup
[0.773s] [ext: omni.blobkey-1.1.2] startup
[0.775s] [ext: omni.stats-1.0.1] startup
[0.778s] [ext: omni.datastore-0.0.0] startup
[0.817s] [ext: omni.client-1.3.0] startup
[0.841s] [ext: omni.ujitso.default-1.0.0] startup
[0.846s] [ext: omni.hsscclient-1.1.2] startup
[0.864s] [ext: omni.gpu_foundation.shadercache.vulkan-1.0.0] startup
[0.874s] [ext: omni.assets.plugins-0.0.0] startup
[0.883s] [ext: omni.gpu_foundation-0.0.0] startup
[0.976s] [ext: carb.windowing.plugins-1.0.0] startup
2026-09-28T11:42:32Z [945ms] [Warning] [carb.windowing-glfw.plugin] GLFW initialization failed.
2026-09-28T11:42:32Z [945ms] [Warning] [carb] Failed to startup plugin carb.windowing-glfw.plugin (interfaces: [carb::windowing::IGLContext v1.0],[carb::windowing::IWindowing v1.5]) (impl: carb.windowing-glfw.plugin)
[0.981s] [ext: omni.kit.renderer.init-0.0.0] startup
2026-09-28T11:42:32Z [1,012ms] [Warning] [omni.platforminfo.plugin] failed to open the default display.  Can't verify X Server version.

|---------------------------------------------------------------------------------------------|
| Driver Version: 595.71.05     | Graphics API: Vulkan
|=============================================================================================|
| GPU | Name                             | Active | LDA | GPU Memory | Vendor-ID | LUID       |
|     |                                  |        |     |            | Device-ID | UUID       |
|     |                                  |        |     |            | Bus-ID    |            |
|---------------------------------------------------------------------------------------------|
| 0   | NVIDIA H100 80GB HBM3            |        |     | 81559   MB | 10de      | 0          |
|     |                                  |        |     |            | 2330      | 0a5bed83.. |
|     |                                  |        |     |            | 16        |            |
|---------------------------------------------------------------------------------------------|
| 1   | NVIDIA H100 80GB HBM3            |        |     | 81559   MB | 10de      | 0          |
|     |                                  |        |     |            | 2330      | 974b69f5.. |
|     |                                  |        |     |            | 17        |            |
|---------------------------------------------------------------------------------------------|
| 2   | NVIDIA H100 80GB HBM3            | Yes: 0 |     | 81559   MB | 10de      | 0          |
|     |                                  |        |     |            | 2330      | b7a2792b.. |
|     |                                  |        |     |            | 40        |            |
|---------------------------------------------------------------------------------------------|
| 3   | NVIDIA H100 80GB HBM3            |        |     | 81559   MB | 10de      | 0          |
|     |                                  |        |     |            | 2330      | 07910b32.. |
|     |                                  |        |     |            | 41        |            |
|---------------------------------------------------------------------------------------------|
| 4   | NVIDIA H100 80GB HBM3            |        |     | 81559   MB | 10de      | 0          |
|     |                                  |        |     |            | 2330      | a0a252d6.. |
|     |                                  |        |     |            | 96        |            |
|---------------------------------------------------------------------------------------------|
| 5   | NVIDIA H100 80GB HBM3            |        |     | 81559   MB | 10de      | 0          |
|     |                                  |        |     |            | 2330      | 2cd891ea.. |
|     |                                  |        |     |            | 97        |            |
|---------------------------------------------------------------------------------------------|
| 6   | NVIDIA H100 80GB HBM3            |        |     | 81559   MB | 10de      | 0          |
|     |                                  |        |     |            | 2330      | dc5d6921.. |
|     |                                  |        |     |            | c0        |            |
|---------------------------------------------------------------------------------------------|
| 7   | NVIDIA H100 80GB HBM3            |        |     | 81559   MB | 10de      | 0          |
|     |                                  |        |     |            | 2330      | 3c6321c1.. |
|     |                                  |        |     |            | c1        |            |
|=============================================================================================|
| OS: 22.04.1 LTS (Jammy Jellyfish) ubuntu, Version: 22.04.1, Kernel: 5.15.0-50-generic
| Processor: Intel(R) Xeon(R) Gold 6430
| Cores: 64 | Logical Cores: 128
|---------------------------------------------------------------------------------------------|
| Total Memory (MB): 2062966 | Free Memory: 1647588
| Total Page/Swap (MB): 952 | Free Page/Swap: 0
|---------------------------------------------------------------------------------------------|
2026-09-28T11:42:36Z [4,546ms] [Warning] [gpu.foundation.plugin] ECC is enabled on physical device 2
[5.213s] [ext: omni.materialx.libs-1.0.7] startup
[5.255s] [ext: omni.kit.telemetry-0.5.2] startup
[5.306s] [ext: omni.usd.config-1.0.6] startup
[5.322s] [ext: omni.gpucompute.plugins-0.0.0] startup
[5.325s] [ext: omni.usd.libs-1.0.1] startup
[5.658s] [ext: omni.kit.loop-isaac-1.3.7] startup
[5.662s] [ext: omni.kit.test-2.0.1] startup
[5.790s] [ext: omni.mdl-56.0.3] startup
[5.972s] [ext: omni.iray.libs-0.0.0] startup
[6.083s] [ext: omni.mdl.neuraylib-0.2.12] startup
[6.092s] [ext: omni.kit.usd.mdl-1.1.5] startup
[6.354s] [ext: omni.kit.pipapi-0.0.0] startup
[6.356s] [ext: omni.appwindow-1.1.10] startup
2026-09-28T11:42:38Z [6,328ms] [Warning] [carb.windowing-glfw.plugin] GLFW initialization failed.
2026-09-28T11:42:38Z [6,328ms] [Warning] [carb] Failed to startup plugin carb.windowing-glfw.plugin (interfaces: [carb::windowing::IGLContext v1.0],[carb::windowing::IWindowing v1.5]) (impl: carb.windowing-glfw.plugin)
[6.367s] [ext: omni.kit.renderer.core-1.1.0] startup
2026-09-28T11:42:38Z [6,404ms] [Warning] [carb.windowing-glfw.plugin] GLFW initialization failed.
2026-09-28T11:42:38Z [6,404ms] [Warning] [carb] Failed to startup plugin carb.windowing-glfw.plugin (interfaces: [carb::windowing::IGLContext v1.0],[carb::windowing::IWindowing v1.5]) (impl: carb.windowing-glfw.plugin)
2026-09-28T11:42:38Z [6,424ms] [Warning] [carb.windowing-glfw.plugin] GLFW initialization failed.
2026-09-28T11:42:38Z [6,424ms] [Warning] [carb] Failed to startup plugin carb.windowing-glfw.plugin (interfaces: [carb::windowing::IGLContext v1.0],[carb::windowing::IWindowing v1.5]) (impl: carb.windowing-glfw.plugin)
[6.463s] [ext: omni.kit.renderer.capture-0.0.0] startup
[6.470s] [ext: omni.kit.renderer.imgui-2.0.5] startup
2026-09-28T11:42:38Z [6,452ms] [Warning] [carb.windowing-glfw.plugin] GLFW initialization failed.
2026-09-28T11:42:38Z [6,452ms] [Warning] [carb] Failed to startup plugin carb.windowing-glfw.plugin (interfaces: [carb::windowing::IGLContext v1.0],[carb::windowing::IWindowing v1.5]) (impl: carb.windowing-glfw.plugin)
2026-09-28T11:42:38Z [6,456ms] [Warning] [carb.windowing-glfw.plugin] GLFW initialization failed.
2026-09-28T11:42:38Z [6,456ms] [Warning] [carb] Failed to startup plugin carb.windowing-glfw.plugin (interfaces: [carb::windowing::IGLContext v1.0],[carb::windowing::IWindowing v1.5]) (impl: carb.windowing-glfw.plugin)
2026-09-28T11:42:38Z [6,460ms] [Warning] [carb.windowing-glfw.plugin] GLFW initialization failed.
2026-09-28T11:42:38Z [6,460ms] [Warning] [carb] Failed to startup plugin carb.windowing-glfw.plugin (interfaces: [carb::windowing::IGLContext v1.0],[carb::windowing::IWindowing v1.5]) (impl: carb.windowing-glfw.plugin)
[6.640s] [ext: omni.ui-2.27.1] startup
[6.672s] [ext: omni.kit.mainwindow-1.0.3] startup
[6.675s] [ext: carb.audio-0.1.0] startup
[6.711s] [ext: omni.uiaudio-1.0.0] startup
[6.714s] [ext: omni.kit.uiapp-0.0.0] startup
[6.714s] [ext: omni.usd.schema.metrics.assembler-107.3.1] startup
[6.723s] [ext: omni.usd.schema.physx-107.3.26] startup
[6.800s] [ext: omni.usd.schema.geospatial-0.0.0] startup
[6.806s] [ext: omni.usd.schema.audio-0.0.0] startup
[6.812s] [ext: omni.usd.schema.anim-0.0.0] startup
[6.854s] [ext: omni.usd.schema.flow-107.1.1] startup
[6.855s] [ext: omni.usd_resolver-1.0.0] startup
[6.869s] [ext: omni.usd.core-1.5.3] startup
[6.878s] [ext: omni.usd.schema.omni_sensors-0.0.0] startup
[6.917s] [ext: omni.usd.schema.semantics-0.0.0] startup
[6.923s] [ext: omni.usd.schema.omniscripting-1.0.0] startup
[6.931s] [ext: omni.usd.schema.omni_lens_distortion-0.0.0] startup
[6.932s] [ext: omni.usd.schema.omnigraph-1.0.0] startup
[6.943s] [ext: omni.kit.window.popup_dialog-2.0.24] startup
[6.956s] [ext: omni.graph.exec-0.9.6] startup
[6.958s] [ext: omni.kit.widget.nucleus_connector-2.0.1] startup
[6.967s] [ext: omni.kit.usd_undo-0.1.8] startup
[6.968s] [ext: omni.kit.exec.core-0.13.4] startup
[6.974s] [ext: omni.kit.actions.core-1.0.0] startup
[6.981s] [ext: omni.resourcemonitor-107.0.1] startup
[6.987s] [ext: omni.activity.core-1.0.3] startup
[6.990s] [ext: omni.timeline-1.0.14] startup
[6.995s] [ext: omni.kit.commands-1.4.10] startup
[7.005s] [ext: usdrt.scenegraph-7.6.1] startup
[7.106s] [ext: omni.kit.audiodeviceenum-1.0.2] startup
[7.111s] [ext: omni.hydra.usdrt_delegate-7.5.1] startup
[7.130s] [ext: omni.hydra.scene_delegate-0.3.4] startup
[7.140s] [ext: omni.usd-1.13.10] startup
[7.185s] [ext: omni.inspect-1.0.2] startup
[7.189s] [ext: omni.kit.notification_manager-1.0.10] startup
[7.194s] [ext: omni.graph.core-2.184.5] startup
[7.207s] [ext: isaacsim.core.deprecation_manager-0.2.7] startup
[7.210s] [ext: omni.anim.graph.schema-107.3.3] startup
[7.225s] [ext: omni.usd.schema.isaac-3.0.5] startup
[7.225s] [ext: omni.anim.navigation.schema-107.3.3] startup
[7.232s] [ext: omni.kit.asset_converter-5.0.17] startup
[7.285s] [ext: isaacsim.robot.schema-3.6.0] startup
[7.302s] [ext: omni.usd.schema.render_settings.rtx-0.0.0] startup
[7.305s] [ext: omni.kit.menu.core-1.1.2] startup
[7.306s] [ext: omni.kit.widget.path_field-2.0.11] startup
[7.309s] [ext: omni.kit.widget.context_menu-1.2.5] startup
[7.312s] [ext: omni.kit.widget.browser_bar-2.0.10] startup
[7.314s] [ext: omni.kit.clipboard-1.0.5] startup
[7.316s] [ext: omni.kit.numpy.common-0.1.3] startup
[7.319s] [ext: omni.kit.widget.options_menu-1.1.6] startup
[7.327s] [ext: omni.kit.helper.file_utils-0.1.9] startup
[7.330s] [ext: omni.ui.scene-1.11.5] startup
[7.343s] [ext: omni.kit.widget.options_button-1.0.3] startup
[7.345s] [ext: omni.kit.widget.filebrowser-2.12.3] startup
[7.357s] [ext: omni.kit.usd.layers-2.2.11] startup
[7.377s] [ext: omni.kit.window.filepicker-2.13.4] startup
[7.413s] [ext: omni.kit.hotkeys.core-1.3.10] startup
[7.421s] [ext: omni.kit.context_menu-1.8.6] startup
[7.426s] [ext: omni.kit.property.adapter.core-1.0.2] startup
[7.433s] [ext: omni.kit.window.file_exporter-1.0.33] startup
[7.443s] [ext: omni.kit.widget.searchfield-1.1.8] startup
[7.446s] [ext: omni.kit.widget.filter-1.1.4] startup
[7.448s] [ext: omni.kit.widget.graph-2.0.0] startup
[7.460s] [ext: omni.kit.widget.stage-3.1.4] startup
[7.485s] [ext: omni.kit.property.adapter.usd-1.0.2] startup
[7.488s] [ext: omni.kit.property.adapter.fabric-1.0.3] startup
[7.491s] [ext: omni.kit.graph.delegate.default-1.2.3] startup
[7.493s] [ext: omni.kit.window.file_importer-1.1.18] startup
[7.495s] [ext: omni.kit.stage_template.core-1.1.22] startup
[7.497s] [ext: omni.kit.menu.utils-2.0.5] startup
[7.506s] [ext: omni.kit.window.file-2.0.5] startup
[7.512s] [ext: omni.kit.widget.highlight_label-1.0.3] startup
[7.514s] [ext: omni.kit.window.drop_support-1.0.5] startup
[7.515s] [ext: omni.kit.window.content_browser_registry-0.0.6] startup
[7.517s] [ext: omni.kit.window.property-1.12.1] startup
[7.523s] [ext: omni.kit.window.content_browser-3.1.3] startup
[7.541s] [ext: isaacsim.core.version-2.0.6] startup
[7.543s] [ext: omni.kit.property.usd-4.5.12] startup
[7.565s] [ext: omni.kit.graph.editor.core-1.5.3] startup
[7.570s] [ext: omni.kit.material.library-2.0.7] startup
[7.582s] [ext: omni.kit.graph.usd.commands-1.3.1] startup
[7.584s] [ext: omni.kvdb-107.3.26] startup
[7.590s] [ext: omni.usdphysics-107.3.26] startup
[7.595s] [ext: omni.physx.foundation-107.3.26] startup
[7.603s] [ext: omni.localcache-107.3.26] startup
[7.608s] [ext: omni.convexdecomposition-107.3.26] startup
[7.616s] [ext: omni.physics-107.3.26] startup
[7.624s] [ext: omni.physx.cooking-107.3.26] startup
[7.634s] [ext: omni.physics.stageupdate-107.3.26] startup
[7.639s] [ext: omni.physx-107.3.26] startup
[7.675s] [ext: omni.index.libs-380600.8087.0] startup
[7.675s] [ext: omni.physics.physx-107.3.26] startup
2026-09-28T11:42:39Z [7,643ms] [Warning] [carb] Acquiring non optional plugin interface which is not listed as dependency: [omni::physx::IPhysxBenchmarks v1.0] (plugin: <default plugin>), by client: omni.physics.physx.plugin. Add it to CARB_PLUGIN_IMPL_DEPS() macro of a client.
[7.679s] [ext: omni.index-1.0.1] startup
[7.681s] [ext: omni.volume-0.5.2] startup
[7.700s] [ext: omni.ujitso.client-0.0.0] startup
[7.702s] [ext: omni.hydra.rtx.shadercache.vulkan-1.0.0] startup
[7.705s] [ext: omni.kit.widget.searchable_combobox-1.0.6] startup
[7.707s] [ext: omni.hydra.rtx-1.0.0] startup
2026-09-28T11:42:39Z [7,807ms] [Warning] [omni.log] Source: omni.hydra was already registered.
[7.936s] [ext: omni.kit.widget.settings-1.2.6] startup
[7.940s] [ext: omni.kit.hydra_texture-1.4.6] startup
[7.948s] [ext: omni.graph.tools-1.79.2] startup
[8.003s] [ext: omni.kit.window.preferences-1.8.0] startup
[8.016s] [ext: omni.kit.widget.material_preview-1.0.16] startup
[8.020s] [ext: omni.graph-1.141.2] startup
[8.099s] [ext: omni.kit.window.material_graph-1.9.1] startup
[8.117s] [ext: omni.isaac.dynamic_control-2.0.7] startup
2026-09-28T11:42:39Z [8,095ms] [Warning] [omni.isaac.dynamic_control] omni.isaac.dynamic_control is deprecated as of Isaac Sim 4.5. No action is needed from end-users.
[8.132s] [ext: isaacsim.storage.native-1.5.1] startup
[8.137s] [ext: omni.graph.scriptnode-1.50.0] startup
[8.141s] [ext: omni.hydra.engine.stats-1.0.3] startup
[8.147s] [ext: omni.kit.viewport.legacy_gizmos-1.0.19] startup
[8.152s] [ext: omni.kit.raycast.query-1.1.0] startup
[8.164s] [ext: omni.graph.action_core-1.1.7] startup
[8.178s] [ext: omni.kit.viewport.scene_camera_model-1.0.6] startup
[8.185s] [ext: omni.graph.image.core-0.6.1] startup
[8.189s] [ext: omni.kit.widget.viewport-107.1.3] startup
[8.198s] [ext: omni.kit.viewport.registry-104.0.6] startup
[8.200s] [ext: omni.usd.metrics.assembler-107.3.1] startup
[8.211s] [ext: omni.kit.viewport.window-107.2.0] startup
[8.244s] [ext: omni.kit.viewport.menubar.core-107.2.1] startup
[8.274s] [ext: omni.graph.image.nodes-1.3.1] startup
[8.278s] [ext: omni.usd.metrics.assembler.physics-107.3.26] startup
[8.282s] [ext: omni.warp.core-1.8.2] startup
[8.531s] [ext: omni.kit.viewport.utility-1.1.2] startup
[8.534s] [ext: omni.physics.tensors-107.3.26] startup
[8.547s] [ext: omni.syntheticdata-0.6.13] startup
[8.607s] [ext: isaacsim.test.docstring-1.1.0] startup
[8.627s] [ext: isaacsim.core.utils-3.5.1] startup
[8.637s] [ext: omni.physx.tensors-107.3.26] startup
[8.660s] [ext: omni.graph.nodes-1.170.10] startup
[8.737s] [ext: omni.graph.action_nodes-1.50.4] startup
[8.746s] [ext: omni.kit.primitive.mesh-1.0.17] startup
[8.761s] [ext: isaacsim.core.simulation_manager-1.4.4] startup
[12.011s] [ext: omni.graph.ui_nodes-1.50.5] startup
[12.021s] [ext: omni.graph.action-1.130.0] startup
[12.024s] [ext: omni.kit.stage_templates-2.0.0] startup
[12.035s] [ext: isaacsim.core.prims-0.6.1] startup
[12.092s] [ext: omni.warp-1.8.2] startup
[12.107s] [ext: omni.videoencoding-0.1.2] startup
[12.115s] [ext: isaacsim.core.api-4.8.0] startup
[12.182s] [ext: isaacsim.core.experimental.utils-0.3.0] startup
[12.214s] [ext: omni.replicator.core-1.12.27] startup
2026-09-28T11:42:44Z [12,208ms] [Warning] [pxr.Semantics] pxr.Semantics is deprecated - please use Semantics instead
Warp 1.8.2 initialized:
   CUDA Toolkit 12.8, Driver 13.2
   Devices:
     "cpu"      : "x86_64"
     "cuda:0"   : "NVIDIA H100 80GB HBM3" (79 GiB, sm_90, mempool enabled)
     "cuda:1"   : "NVIDIA H100 80GB HBM3" (79 GiB, sm_90, mempool enabled)
     "cuda:2"   : "NVIDIA H100 80GB HBM3" (79 GiB, sm_90, mempool enabled)
     "cuda:3"   : "NVIDIA H100 80GB HBM3" (79 GiB, sm_90, mempool enabled)
     "cuda:4"   : "NVIDIA H100 80GB HBM3" (79 GiB, sm_90, mempool enabled)
     "cuda:5"   : "NVIDIA H100 80GB HBM3" (79 GiB, sm_90, mempool enabled)
     "cuda:6"   : "NVIDIA H100 80GB HBM3" (79 GiB, sm_90, mempool enabled)
     "cuda:7"   : "NVIDIA H100 80GB HBM3" (79 GiB, sm_90, mempool enabled)
   CUDA peer access:
     Supported fully (all-directional)
   Kernel cache:
     /home/USER/.cache/warp/1.8.2
2026-09-28T11:42:44Z [12,950ms] [Warning] [omni.graph.core.plugin] Found duplicate of category 'Replicator' - was 'Annotators', adding 'Fabric Reader'
2026-09-28T11:42:44Z [12,950ms] [Warning] [omni.graph.core.plugin] Category 'Replicator' not accepted on node type 'omni.replicator.core.FabricReader' in extension 'omni.replicator.core'
2026-09-28T11:42:44Z [12,952ms] [Warning] [omni.replicator.core.scripts.extension] No material configuration file, adding configuration to material settings directly.
[12.992s] [ext: isaacsim.core.experimental.prims-0.8.1] startup
[13.071s] [ext: omni.kit.window.extensions-1.4.27] startup
[13.156s] [ext: isaacsim.core.experimental.objects-0.4.0] startup
[13.338s] [ext: omni.ui_query-1.1.8] startup
[13.387s] [ext: omni.kit.manipulator.viewport-107.0.1] startup
[13.421s] [ext: isaacsim.robot.surface_gripper-3.3.1] startup
[13.525s] [ext: omni.kit.ui_test-1.3.7] startup
Warp DeprecationWarning: The `warp.sim` module is deprecated and will be removed in v1.10. Please transition to using the forthcoming Newton library instead.
[13.637s] [ext: omni.graph.visualization.nodes-2.1.3] startup
[13.678s] [ext: isaacsim.robot_motion.lula-4.0.8] startup
[13.714s] [ext: isaacsim.core.nodes-3.4.3] startup
[13.739s] [ext: isaacsim.gui.components-1.2.1] startup
[13.758s] [ext: isaacsim.robot_motion.motion_generation-8.0.26] startup
[13.795s] [ext: isaacsim.robot.manipulators-3.3.6] startup
[13.816s] [ext: isaacsim.core.experimental.materials-0.4.0] startup
[13.840s] [ext: isaacsim.robot.manipulators.examples-1.1.2] startup
[13.848s] [ext: isaacsim.cortex.framework-1.0.12] startup
[13.852s] [ext: isaacsim.cortex.behaviors-2.0.14] startup
[13.856s] [ext: omni.isaac.cortex.sample_behaviors-2.0.5] startup
2026-09-28T11:42:45Z [13,824ms] [Warning] [omni.isaac.cortex] omni.isaac.cortex has been deprecated in favor of isaacsim.cortex.framework. Please update your code accordingly.
2026-09-28T11:42:45Z [13,825ms] [Warning] [omni.isaac.cortex.sample_behaviors] omni.isaac.cortex.sample_behaviors has been deprecated in favor of isaacsim.cortex.behaviors. Please update your code accordingly.
[13.864s] [ext: omni.kit.widget.zoombar-1.0.6] startup
[13.871s] [ext: isaacsim.gui.content_browser-0.1.11] startup
[13.879s] [ext: omni.kit.browser.core-2.3.13] startup
[13.894s] [ext: omni.kit.widget.stage_icons-1.0.8] startup
[13.898s] [ext: omni.kit.widget.prompt-1.0.7] startup
[13.913s] [ext: omni.kit.usd.collect-2.4.5] startup
[13.920s] [ext: omni.kit.browser.folder.core-1.10.9] startup
[13.941s] [ext: omni.kit.window.stage-2.6.1] startup
[13.950s] [ext: omni.kit.usdz_export-1.0.9] startup
[13.957s] [ext: omni.kit.tool.collect-2.2.18] startup
[13.976s] [ext: omni.kit.menu.stage-1.2.7] startup
[13.979s] [ext: omni.kit.tool.asset_importer-4.3.2] startup
[13.990s] [ext: isaacsim.robot.wheeled_robots-4.0.24] startup
[14.007s] [ext: isaacsim.examples.browser-0.2.1] startup
[14.016s] [ext: isaacsim.asset.importer.urdf-2.4.30] startup
[14.147s] [ext: omni.isaac.wheeled_robots-3.0.7] startup
2026-09-28T11:42:46Z [14,114ms] [Warning] [omni.isaac.wheeled_robots] omni.isaac.wheeled_robots has been deprecated in favor of isaacsim.robot.wheeled_robots. Please update your code accordingly.
2026-09-28T11:42:46Z [14,115ms] [Warning] [omni.isaac.wheeled_robots.controllers] omni.isaac.wheeled_robots has been deprecated in favor of isaacsim.robot.wheeled_robots. Please update your code accordingly.
2026-09-28T11:42:46Z [14,115ms] [Warning] [omni.isaac.wheeled_robots.controllers.ackermann_controller] omni.isaac.wheeled_robots has been deprecated in favor of isaacsim.robot.wheeled_robots. Please update your code accordingly.
2026-09-28T11:42:46Z [14,117ms] [Warning] [omni.isaac.wheeled_robots.controllers.differential_controller] omni.isaac.wheeled_robots has been deprecated in favor of isaacsim.robot.wheeled_robots. Please update your code accordingly.
2026-09-28T11:42:46Z [14,119ms] [Warning] [omni.isaac.wheeled_robots.controllers.holonomic_controller] omni.isaac.wheeled_robots has been deprecated in favor of isaacsim.robot.wheeled_robots. Please update your code accordingly.
2026-09-28T11:42:46Z [14,121ms] [Warning] [omni.isaac.wheeled_robots.controllers.quintic_path_planner] omni.isaac.wheeled_robots has been deprecated in favor of isaacsim.robot.wheeled_robots. Please update your code accordingly.
2026-09-28T11:42:46Z [14,123ms] [Warning] [omni.isaac.wheeled_robots.controllers.stanley_control] omni.isaac.wheeled_robots has been deprecated in favor of isaacsim.robot.wheeled_robots. Please update your code accordingly.
2026-09-28T11:42:46Z [14,127ms] [Warning] [omni.isaac.wheeled_robots.controllers.wheel_base_pose_controller] omni.isaac.wheeled_robots has been deprecated in favor of isaacsim.robot.wheeled_robots. Please update your code accordingly.
2026-09-28T11:42:46Z [14,127ms] [Warning] [omni.isaac.wheeled_robots.impl] omni.isaac.wheeled_robots has been deprecated in favor of isaacsim.robot.wheeled_robots. Please update your code accordingly.
2026-09-28T11:42:46Z [14,128ms] [Warning] [omni.isaac.wheeled_robots.robots] omni.isaac.wheeled_robots has been deprecated in favor of isaacsim.robot.wheeled_robots. Please update your code accordingly.
2026-09-28T11:42:46Z [14,128ms] [Warning] [omni.isaac.wheeled_robots.robots.holonomic_robot_usd_setup] omni.isaac.wheeled_robots has been deprecated in favor of isaacsim.robot.wheeled_robots. Please update your code accordingly.
2026-09-28T11:42:46Z [14,129ms] [Warning] [omni.isaac.wheeled_robots.robots.wheeled_robot] omni.isaac.wheeled_robots has been deprecated in favor of isaacsim.robot.wheeled_robots. Please update your code accordingly.
[14.165s] [ext: isaacsim.simulation_app-2.12.2] startup
[14.168s] [ext: omni.isaac.franka-1.0.7] startup
2026-09-28T11:42:46Z [14,134ms] [Warning] [omni.isaac.franka] omni.isaac.franka has been deprecated in favor of isaacsim.robot.manipulators.examples.franka. Please update your code accordingly.
2026-09-28T11:42:46Z [14,135ms] [Warning] [omni.isaac.franka.franka] omni.isaac.franka has been deprecated in favor of isaacsim.robot.manipulators.examples.franka. Please update your code accordingly.
2026-09-28T11:42:46Z [14,162ms] [Warning] [omni.isaac.franka.kinematics_solver] omni.isaac.franka has been deprecated in favor of isaacsim.robot.manipulators.examples.franka. Please update your code accordingly.
[14.197s] [ext: omni.isaac.kit-2.0.6] startup
2026-09-28T11:42:46Z [14,166ms] [Warning] [omni.isaac.kit] omni.isaac.kit has been deprecated in favor of isaacsim.simulation_app. Please update your code accordingly.
[14.201s] [ext: omni.kit.selection-0.1.6] startup
[14.205s] [ext: omni.isaac.lula-4.0.6] startup
2026-09-28T11:42:46Z [14,171ms] [Warning] [omni.isaac.lula] omni.isaac.lula has been deprecated in favor of isaacsim.robot_motion.lula. Please update your code accordingly.
[14.207s] [ext: isaacsim.robot_motion.lula_test_widget-1.0.12] startup
[14.212s] [ext: isaacsim.asset.browser-1.3.23] startup
2026-09-28T11:42:46Z [14,252ms] [Error] [omni.kit.app._impl] [py stderr]: /path/to/robodojo-openwam/envs/RoboDojo/lib/python3.11/site-packages/requests/__init__.py:113: RequestsDependencyWarning: urllib3 (2.8.0) or chardet (7.6.0)/charset_normalizer (3.3.2) doesn't match a supported version!
  warnings.warn(
[14.324s] [ext: omni.kit.viewport.actions-107.0.2] startup
[14.332s] [ext: isaacsim.gui.menu-2.4.4] startup
[14.345s] [ext: omni.isaac.manipulators-3.0.7] startup
2026-09-28T11:42:46Z [14,313ms] [Warning] [omni.isaac.manipulators] omni.isaac.manipulators has been deprecated in favor of isaacsim.robot.manipulators. Please update your code accordingly.
2026-09-28T11:42:46Z [14,313ms] [Warning] [omni.isaac.manipulators.controllers] omni.isaac.manipulators has been deprecated in favor of isaacsim.robot.manipulators. Please update your code accordingly.
2026-09-28T11:42:46Z [14,316ms] [Warning] [omni.isaac.manipulators.controllers.pick_place_controller] omni.isaac.manipulators has been deprecated in favor of isaacsim.robot.manipulators. Please update your code accordingly.
2026-09-28T11:42:46Z [14,318ms] [Warning] [omni.isaac.manipulators.controllers.stacking_controller] omni.isaac.manipulators has been deprecated in favor of isaacsim.robot.manipulators. Please update your code accordingly.
2026-09-28T11:42:46Z [14,318ms] [Warning] [omni.isaac.manipulators.grippers] omni.isaac.manipulators has been deprecated in favor of isaacsim.robot.manipulators. Please update your code accordingly.
2026-09-28T11:42:46Z [14,319ms] [Warning] [omni.isaac.manipulators.grippers.gripper] omni.isaac.manipulators has been deprecated in favor of isaacsim.robot.manipulators. Please update your code accordingly.
2026-09-28T11:42:46Z [14,319ms] [Warning] [omni.isaac.manipulators.grippers.parallel_gripper] omni.isaac.manipulators has been deprecated in favor of isaacsim.robot.manipulators. Please update your code accordingly.
2026-09-28T11:42:46Z [14,319ms] [Warning] [omni.isaac.manipulators.grippers.surface_gripper] omni.isaac.manipulators has been deprecated in favor of isaacsim.robot.manipulators. Please update your code accordingly.
2026-09-28T11:42:46Z [14,320ms] [Warning] [omni.isaac.manipulators.manipulators] omni.isaac.manipulators has been deprecated in favor of isaacsim.robot.manipulators. Please update your code accordingly.
2026-09-28T11:42:46Z [14,320ms] [Warning] [omni.isaac.manipulators.manipulators.single_manipulator] omni.isaac.manipulators has been deprecated in favor of isaacsim.robot.manipulators. Please update your code accordingly.
[14.356s] [ext: omni.isaac.lula_test_widget-1.0.6] startup
2026-09-28T11:42:46Z [14,324ms] [Warning] [omni.isaac.lula_test_widget] omni.isaac.lula_test_widget has been deprecated in favor of isaacsim.robot_motion.lula_test_widget. Please update your code accordingly.
[14.360s] [ext: omni.isaac.asset_browser-1.0.6] startup
2026-09-28T11:42:46Z [14,327ms] [Warning] [omni.isaac.asset_browser] omni.isaac.asset_browser has been deprecated in favor of isaacsim.asset.browser. Please update your code accordingly.
[14.366s] [ext: omni.kit.viewport.menubar.display-107.0.3] startup
[14.372s] [ext: omni.isaac.menu-1.0.6] startup
2026-09-28T11:42:46Z [14,339ms] [Warning] [omni.isaac.menu] omni.isaac.menu has been deprecated in favor of isaacsim.gui.menu. Please update your code accordingly.
[14.375s] [ext: omni.isaac.motion_generation-8.0.7] startup
2026-09-28T11:42:46Z [14,342ms] [Warning] [omni.isaac.motion_generation] omni.isaac.motion_generation has been deprecated in favor of isaacsim.robot_motion.motion_generation. Please update your code accordingly.
2026-09-28T11:42:46Z [14,344ms] [Warning] [omni.isaac.motion_generation.articulation_kinematics_solver] omni.isaac.motion_generation has been deprecated in favor of isaacsim.robot_motion.motion_generation. Please update your code accordingly.
2026-09-28T11:42:46Z [14,345ms] [Warning] [omni.isaac.motion_generation.articulation_motion_policy] omni.isaac.motion_generation has been deprecated in favor of isaacsim.robot_motion.motion_generation. Please update your code accordingly.
2026-09-28T11:42:46Z [14,345ms] [Warning] [omni.isaac.motion_generation.articulation_trajectory] omni.isaac.motion_generation has been deprecated in favor of isaacsim.robot_motion.motion_generation. Please update your code accordingly.
2026-09-28T11:42:46Z [14,346ms] [Warning] [omni.isaac.motion_generation.kinematics_interface] omni.isaac.motion_generation has been deprecated in favor of isaacsim.robot_motion.motion_generation. Please update your code accordingly.
2026-09-28T11:42:46Z [14,346ms] [Warning] [omni.isaac.motion_generation.lula] omni.isaac.motion_generation has been deprecated in favor of isaacsim.robot_motion.motion_generation. Please update your code accordingly.
2026-09-28T11:42:46Z [14,347ms] [Warning] [omni.isaac.motion_generation.lula.kinematics] omni.isaac.motion_generation has been deprecated in favor of isaacsim.robot_motion.motion_generation. Please update your code accordingly.
2026-09-28T11:42:46Z [14,347ms] [Warning] [omni.isaac.motion_generation.lula.motion_policies] omni.isaac.motion_generation has been deprecated in favor of isaacsim.robot_motion.motion_generation. Please update your code accordingly.
2026-09-28T11:42:46Z [14,348ms] [Warning] [omni.isaac.motion_generation.lula.path_planners] omni.isaac.motion_generation has been deprecated in favor of isaacsim.robot_motion.motion_generation. Please update your code accordingly.
2026-09-28T11:42:46Z [14,348ms] [Warning] [omni.isaac.motion_generation.lula.trajectory_generator] omni.isaac.motion_generation has been deprecated in favor of isaacsim.robot_motion.motion_generation. Please update your code accordingly.
2026-09-28T11:42:46Z [14,348ms] [Warning] [omni.isaac.motion_generation.motion_policy_controller] omni.isaac.motion_generation has been deprecated in favor of isaacsim.robot_motion.motion_generation. Please update your code accordingly.
2026-09-28T11:42:46Z [14,349ms] [Warning] [omni.isaac.motion_generation.motion_policy_interface] omni.isaac.motion_generation has been deprecated in favor of isaacsim.robot_motion.motion_generation. Please update your code accordingly.
2026-09-28T11:42:46Z [14,349ms] [Warning] [omni.isaac.motion_generation.path_planner_visualizer] omni.isaac.motion_generation has been deprecated in favor of isaacsim.robot_motion.motion_generation. Please update your code accordingly.
2026-09-28T11:42:46Z [14,350ms] [Warning] [omni.isaac.motion_generation.path_planning_interface] omni.isaac.motion_generation has been deprecated in favor of isaacsim.robot_motion.motion_generation. Please update your code accordingly.
2026-09-28T11:42:46Z [14,350ms] [Warning] [omni.isaac.motion_generation.trajectory] omni.isaac.motion_generation has been deprecated in favor of isaacsim.robot_motion.motion_generation. Please update your code accordingly.
2026-09-28T11:42:46Z [14,350ms] [Warning] [omni.isaac.motion_generation.world_interface] omni.isaac.motion_generation has been deprecated in favor of isaacsim.robot_motion.motion_generation. Please update your code accordingly.
[14.387s] [ext: omni.isaac.assets_check-0.3.13] startup
2026-09-28T11:42:46Z [14,354ms] [Warning] [omni.isaac.assets_check] omni.isaac.assets_check has been deprecated in favor of isaacsim.asset.browser. Please update your code accordingly.
[14.390s] [ext: isaacsim.gui.sensors.icon-2.0.3] startup
[14.431s] [ext: isaacsim.asset.importer.mjcf-2.5.13] startup
[14.444s] [ext: omni.sensors.nv.common-3.0.0] startup
[14.546s] [ext: isaacsim.sensors.physics-0.4.3] startup
[14.570s] [ext: omni.sensors.net-1.0.0] startup
[14.584s] [ext: omni.isaac.nucleus-1.0.6] startup
2026-09-28T11:42:46Z [14,553ms] [Warning] [omni.isaac.nucleus] omni.isaac.nucleus has been deprecated in favor of isaacsim.storage.native. Please update your code accordingly.
2026-09-28T11:42:46Z [14,553ms] [Warning] [omni.isaac.nucleus.nucleus] omni.isaac.nucleus.nucleus has been deprecated in favor of isaacsim.storage.native. Please update your code accordingly.
[14.589s] [ext: omni.sensors.nv.materials-2.0.0] startup
[14.606s] [ext: isaacsim.robot.policy.examples-4.1.11] startup
[14.610s] [ext: omni.sensors.nv.wpm-3.0.0] startup
[14.620s] [ext: omni.sensors.nv.lidar-3.0.0] startup
[14.656s] [ext: isaacsim.util.debug_draw-3.1.0] startup
[14.665s] [ext: omni.sensors.nv.radar-3.0.0] startup
[14.679s] [ext: omni.sensors.nv.ids-2.0.0] startup
[14.686s] [ext: isaacsim.core.cloner-1.4.10] startup
[14.691s] [ext: isaacsim.sensors.physx-2.3.2] startup
[14.703s] [ext: isaacsim.sensors.rtx-15.8.4] startup
[14.720s] [ext: isaacsim.sensors.camera-1.3.6] startup
[14.737s] [ext: omni.isaac.quadruped-3.0.7] startup
2026-09-28T11:42:46Z [14,705ms] [Warning] [omni.isaac.quadruped] omni.isaac.quadruped has been deprecated in favor of isaacsim.robot.policy.examples. Please update your code accordingly.
[14.741s] [ext: omni.isaac.cloner-1.0.7] startup
2026-09-28T11:42:46Z [14,709ms] [Warning] [omni.isaac.cloner] omni.isaac.cloner has been deprecated in favor of isaacsim.core.cloner. Please update your code accordingly.
[14.750s] [ext: omni.isaac.range_sensor-4.0.6] startup
2026-09-28T11:42:46Z [14,718ms] [Warning] [omni.isaac.range_sensor] omni.isaac.range_sensor has been deprecated in favor of isaacsim.sensors.physx. Please update your code accordingly.
2026-09-28T11:42:46Z [14,719ms] [Warning] [omni.isaac.range_sensor.commands] omni.isaac.range_sensor.commands has been deprecated in favor of isaacsim.sensors.physx.commands. Please update your code accordingly.
[14.755s] [ext: omni.isaac.sensor-13.0.7] startup
2026-09-28T11:42:46Z [14,722ms] [Warning] [omni.isaac.sensor] omni.isaac.sensor has been deprecated in favor of isaacsim.sensors.camera, isaacsim.sensors.physics, isaacsim.sensors.physx, and isaacsim.sensors.rtx. Please update your code accordingly.
2026-09-28T11:42:46Z [14,724ms] [Warning] [omni.isaac.sensor.camera] omni.isaac.sensor.camera has been deprecated in favor of isaacsim.sensors.camera.camera. Please update your code accordingly.
2026-09-28T11:42:46Z [14,725ms] [Warning] [omni.isaac.sensor.camera_view] omni.isaac.sensor.camera_view has been deprecated in favor of isaacsim.sensors.camera.camera_view. Please update your code accordingly.
2026-09-28T11:42:46Z [14,725ms] [Warning] [omni.isaac.sensor.commands] omni.isaac.sensor.commands has been deprecated in favor of isaacsim.sensors.physics.commands, isaacsim.sensors.physx.commands, and isaacsim.sensors.rtx.commands. Please update your code accordingly.
2026-09-28T11:42:46Z [14,726ms] [Warning] [omni.isaac.sensor.contact_sensor] omni.isaac.sensor.contact_sensor has been deprecated in favor of isaacsim.sensors.physics.contact_sensor. Please update your code accordingly.
2026-09-28T11:42:46Z [14,726ms] [Warning] [omni.isaac.sensor.imu_sensor] omni.isaac.sensor.imu_sensor has been deprecated in favor of isaacsim.sensors.physics.imu_sensor. Please update your code accordingly.
2026-09-28T11:42:46Z [14,727ms] [Warning] [omni.isaac.sensor.lidar_rtx] omni.isaac.sensor.lidar_rtx has been deprecated in favor of isaacsim.sensors.rtx.lidar_rtx. Please update your code accordingly.
2026-09-28T11:42:46Z [14,727ms] [Warning] [omni.isaac.sensor.rotating_lidar_physX] omni.isaac.sensor.imu_sensor has been deprecated in favor of isaacsim.sensors.physix.rotating_lidar_physX. Please update your code accordingly.
2026-09-28T11:42:46Z [14,728ms] [Warning] [omni.isaac.sensor.scripts.samples.contact_sensor] omni.isaac.sensor.scripts.samples.contact_sensor has been deprecated in favor of isaacsim.sensors.physics.scripts.samples.contact_sensor. Please update your code accordingly.
2026-09-28T11:42:46Z [14,729ms] [Warning] [omni.isaac.sensor.scripts.samples.imu_sensor] omni.isaac.sensor.scripts.samples.imu_sensor has been deprecated in favor of isaacsim.sensors.physics.scripts.samples.imu_sensor. Please update your code accordingly.
2026-09-28T11:42:46Z [14,730ms] [Warning] [omni.isaac.sensor.scripts.samples.lightbeam_sensor] omni.isaac.sensor.scripts.samples.lightbeam_sensor has been deprecated in favor of isaacsim.sensors.physx.scripts.samples.lightbeam_sensor. Please update your code accordingly.
[14.766s] [ext: omni.kit.menu.create-2.0.1] startup
[14.776s] [ext: omni.kit.widget.toolbar-2.0.1] startup
[14.796s] [ext: omni.kit.manipulator.transform-107.0.0] startup
[14.807s] [ext: omni.isaac.core-4.0.7] startup
2026-09-28T11:42:46Z [14,774ms] [Warning] [omni.isaac.core.physics_context.physics_context] omni.isaac.core.physics_context.physics_context has been deprecated in favor of isaacsim.core.api.physics_context.physics_context. Please update your code accordingly.
2026-09-28T11:42:46Z [14,775ms] [Warning] [omni.isaac.core.simulation_context.simulation_context] omni.isaac.core.simulation_context.simulation_context has been deprecated in favor of isaacsim.core.api.simulation_context.simulation_context. Please update your code accordingly.
2026-09-28T11:42:46Z [14,776ms] [Warning] [omni.isaac.core.world.world] omni.isaac.core.world.world has been deprecated in favor of isaacsim.core.api.world.world. Please update your code accordingly.
2026-09-28T11:42:46Z [14,776ms] [Warning] [omni.isaac.core] omni.isaac.core has been deprecated in favor of isaacsim.core.api. Please update your code accordingly.
[14.812s] [ext: omni.kit.scripting-107.3.2] startup
[14.825s] [ext: omni.kit.manipulator.tool.snap-1.5.13] startup
[14.837s] [ext: omni.kit.manipulator.selector-1.1.3] startup
[14.841s] [ext: isaacsim.app.about-2.0.11] startup
[14.855s] [ext: isaacsim.replicator.behavior-1.1.16] startup
[14.858s] [ext: omni.kit.viewport.manipulator.transform-107.0.4] startup
[14.862s] [ext: omni.isaac.window.about-2.0.7] startup
2026-09-28T11:42:46Z [14,833ms] [Warning] [omni.isaac.window.about] omni.isaac.window.about has been deprecated in favor of isaacsim.app.about. Please update your code accordingly.
2026-09-28T11:42:46Z [14,834ms] [Warning] [omni.isaac.window.about.about] omni.isaac.window.about.about has been deprecated in favor of isaacsim.app.about.about. Please update your code accordingly.
[14.870s] [ext: omni.fabric.commands-1.1.6] startup
[14.876s] [ext: omni.kit.manipulator.prim.core-107.0.8] startup
[14.890s] [ext: omni.kit.property.audio-1.0.16] startup
[14.894s] [ext: omni.kit.property.camera-1.0.10] startup
[14.898s] [ext: omni.kit.property.geometry-2.0.4] startup
[14.904s] [ext: omni.hydra.scene_api-0.1.2] startup
[14.913s] [ext: omni.kit.property.light-1.0.12] startup
[14.936s] [ext: omni.kit.manipulator.prim.fabric-107.0.4] startup
[14.941s] [ext: omni.kit.manipulator.prim.usd-107.0.3] startup
[14.944s] [ext: omni.kit.property.material-1.11.9] startup
[14.960s] [ext: omni.kit.property.render-1.2.1] startup
[14.963s] [ext: omni.kit.property.transform-1.5.13] startup
[14.972s] [ext: isaacsim.gui.property-1.1.3] startup
[14.977s] [ext: omni.kit.manipulator.camera-106.0.4] startup
[14.992s] [ext: omni.kit.manipulator.prim-107.0.0] startup
[14.992s] [ext: omni.isaac.surface_gripper-2.0.6] startup
2026-09-28T11:42:46Z [14,958ms] [Warning] [omni.isaac.surface_gripper] omni.isaac.surface_gripper has been deprecated in favor of isaacsim.robot.surface_gripper. Please update your code accordingly.
[14.994s] [ext: omni.kit.manipulator.selection-106.0.1] startup
[15.002s] [ext: omni.kit.property.bundle-1.4.1] startup
[15.004s] [ext: omni.kit.property.isaac-1.0.6] startup
2026-09-28T11:42:46Z [14,971ms] [Warning] [omni.kit.property.isaac] omni.kit.property.isaac has been deprecated in favor of isaacsim.gui.property. Please update your code accordingly.
2026-09-28T11:42:46Z [14,972ms] [Warning] [omni.kit.property.isaac.widgets] omni.kit.property.isaac.widgets has been deprecated in favor of isaacsim.gui.property.widgets. Please update your code accordingly.
[15.007s] [ext: omni.isaac.universal_robots-1.0.6] startup
2026-09-28T11:42:46Z [14,974ms] [Warning] [omni.isaac.universal_robots] omni.isaac.universal_robots has been deprecated in favor of isaacsim.robot.manipulators.examples.universal_robots. Please update your code accordingly.
2026-09-28T11:42:46Z [14,974ms] [Warning] [omni.isaac.universal_robots.kinematics_solver] omni.isaac.franka has been deprecated in favor of isaacsim.robot.manipulators.examples.universal_robots. Please update your code accordingly.
2026-09-28T11:42:46Z [14,977ms] [Warning] [omni.isaac.universal_robots.ur10] omni.isaac.franka has been deprecated in favor of isaacsim.robot.manipulators.examples.universal_robots. Please update your code accordingly.
[15.012s] [ext: omni.isaac.core_nodes-2.0.6] startup
2026-09-28T11:42:46Z [14,982ms] [Warning] [omni.isaac.core_nodes] omni.isaac.core_nodes has been deprecated in favor of isaacsim.core.nodes. Please update your code accordingly.
[15.018s] [ext: omni.kit.viewport.menubar.camera-107.0.6] startup
[15.033s] [ext: omni.kit.viewport.menubar.lighting-107.3.1] startup
[15.039s] [ext: isaacsim.replicator.writers-1.0.17] startup
[15.091s] [ext: omni.kit.viewport.menubar.render-107.0.10] startup
[15.102s] [ext: omni.kit.viewport.menubar.settings-107.0.3] startup
[15.116s] [ext: omni.kit.window.console-1.1.4] startup
[15.126s] [ext: isaacsim.replicator.domain_randomization-1.0.16] startup
[15.132s] [ext: isaacsim.replicator.examples-1.3.6] startup
[15.137s] [ext: omni.ocio-0.1.1] startup
[15.142s] [ext: omni.rtx.window.settings-0.6.19] startup
[15.178s] [ext: omni.kit.window.status_bar-0.1.9] startup
[15.189s] [ext: omni.kit.window.toolbar-2.0.0] startup
[15.194s] [ext: omni.replicator.isaac-2.0.8] startup
2026-09-28T11:42:47Z [15,161ms] [Warning] [omni.replicator.isaac] omni.replicator.isaac has been deprecated in favor of isaacsim.replicator.domain_randomization, isaacsim.replicator.examples, isaacsim.replicator.writers. Please update your code accordingly.
[15.197s] [ext: omni.replicator.replicator_yaml-2.0.11] startup
[15.237s] [ext: omni.rtx.settings.core-0.6.5] startup
[15.250s] [ext: omni.usd.metrics.assembler.ui-107.3.1] startup
[15.286s] [ext: omni.isaac.utils-2.0.6] startup
[15.289s] [ext: semantics.schema.editor-2.0.2] startup
[15.298s] [ext: omni.kit.ui.actions-1.0.5] startup
[15.302s] [ext: semantics.schema.property-2.0.1] startup
[15.306s] [ext: omni.isaac.version-2.0.7] startup
2026-09-28T11:42:47Z [15,272ms] [Warning] [omni.isaac.version] omni.isaac.version has been deprecated in favor of isaacsim.core.version. Please update your code accordingly.
[15.308s] [ext: omni.isaac.cortex-1.0.5] startup
[15.310s] [ext: omni.anim.curve.core-1.3.1] startup
[15.330s] [ext: isaacsim.core.throttling-2.2.2] startup
[15.335s] [ext: omni.kit.menu.common-2.0.1] startup
[15.339s] [ext: isaacsim.exp.base-5.1.0] startup
[15.341s] [ext: isaacsim.exp.base.python-5.1.0] startup
[15.343s] Simulation App Starting
2026-09-28T11:42:47Z [15,884ms] [Warning] [carb.audio.device] audio device is misconfigured or broken {deviceIndex = 0, name = 'default'} (The device is likely misconfigured, check your $HOME/.asoundrc)
2026-09-28T11:42:47Z [15,884ms] [Warning] [carb.audio.output] failed to retrieve the capabilities for device 0 {result = eDeviceLost (2)}
2026-09-28T11:42:47Z [15,885ms] [Warning] [carb.audio.context] failed to set the requested output during context creation.  Using a null streamer instead {result = eDeviceLost (2)}
2026-09-28T11:42:47Z [15,922ms] [Warning] [omni.fabric.plugin] Warning: attribute viewportHandle not found for bucket id 9

2026-09-28T11:42:47Z [15,978ms] [Warning] [usdrt.population.plugin] [UsdNoticeHandler] Unhandled attribute type VtArray<std::string> (prim attribute: omni:rtx:material:db:flattener:reflection_roughness_constant)
2026-09-28T11:42:47Z [15,978ms] [Warning] [usdrt.population.plugin] [UsdNoticeHandler] Unhandled attribute type VtArray<std::string> (prim attribute: omni:rtx:material:db:flattener:ior_constant)
2026-09-28T11:42:47Z [15,978ms] [Warning] [usdrt.population.plugin] [UsdNoticeHandler] Unhandled attribute type VtArray<std::string> (prim attribute: omni:rtx:material:db:flattener:transmittance_color)
[16.027s] app ready
[19.870s] Simulation App Startup Complete
SIMULATION_APP_CONSTRUCTOR_RETURNED
SIMULATION_APP_UPDATES_RETURNED
[19.983s] Simulation App Shutting Down
2026-09-28T19:42:54+08:00
