{
  "host": "H100-HOST",
  "devices": [
    {
      "device_index": 0,
      "name": "NVIDIA H100 80GB HBM3",
      "driver": [
        595,
        71,
        5,
        0
      ],
      "api_version": 4211017,
      "device_id": 9008,
      "properties_sha256": "a1864ca58ee80fd68041aa5de73e642d0f37e7c93bb05d4f18f627c62af0913b",
      "maxPerSetDescriptors": 4294967295,
      "maxMemoryAllocationSize": 18446744073709551615
    },
    {
      "device_index": 1,
      "name": "NVIDIA H100 80GB HBM3",
      "driver": [
        595,
        71,
        5,
        0
      ],
      "api_version": 4211017,
      "device_id": 9008,
      "properties_sha256": "a1864ca58ee80fd68041aa5de73e642d0f37e7c93bb05d4f18f627c62af0913b",
      "maxPerSetDescriptors": 4294967295,
      "maxMemoryAllocationSize": 18446744073709551615
    },
    {
      "device_index": 2,
      "name": "NVIDIA H100 80GB HBM3",
      "driver": [
        595,
        71,
        5,
        0
      ],
      "api_version": 4211017,
      "device_id": 9008,
      "properties_sha256": "a1864ca58ee80fd68041aa5de73e642d0f37e7c93bb05d4f18f627c62af0913b",
      "maxPerSetDescriptors": 4294967295,
      "maxMemoryAllocationSize": 18446744073709551615
    },
    {
      "device_index": 3,
      "name": "NVIDIA H100 80GB HBM3",
      "driver": [
        595,
        71,
        5,
        0
      ],
      "api_version": 4211017,
      "device_id": 9008,
      "properties_sha256": "a1864ca58ee80fd68041aa5de73e642d0f37e7c93bb05d4f18f627c62af0913b",
      "maxPerSetDescriptors": 4294967295,
      "maxMemoryAllocationSize": 18446744073709551615
    },
    {
      "device_index": 4,
      "name": "NVIDIA H100 80GB HBM3",
      "driver": [
        595,
        71,
        5,
        0
      ],
      "api_version": 4211017,
      "device_id": 9008,
      "properties_sha256": "a1864ca58ee80fd68041aa5de73e642d0f37e7c93bb05d4f18f627c62af0913b",
      "maxPerSetDescriptors": 4294967295,
      "maxMemoryAllocationSize": 18446744073709551615
    },
    {
      "device_index": 5,
      "name": "NVIDIA H100 80GB HBM3",
      "driver": [
        595,
        71,
        5,
        0
      ],
      "api_version": 4211017,
      "device_id": 9008,
      "properties_sha256": "a1864ca58ee80fd68041aa5de73e642d0f37e7c93bb05d4f18f627c62af0913b",
      "maxPerSetDescriptors": 4294967295,
      "maxMemoryAllocationSize": 18446744073709551615
    },
    {
      "device_index": 6,
      "name": "NVIDIA H100 80GB HBM3",
      "driver": [
        595,
        71,
        5,
        0
      ],
      "api_version": 4211017,
      "device_id": 9008,
      "properties_sha256": "a1864ca58ee80fd68041aa5de73e642d0f37e7c93bb05d4f18f627c62af0913b",
      "maxPerSetDescriptors": 4294967295,
      "maxMemoryAllocationSize": 18446744073709551615
    },
    {
      "device_index": 7,
      "name": "NVIDIA H100 80GB HBM3",
      "driver": [
        595,
        71,
        5,
        0
      ],
      "api_version": 4211017,
      "device_id": 9008,
      "properties_sha256": "a1864ca58ee80fd68041aa5de73e642d0f37e7c93bb05d4f18f627c62af0913b",
      "maxPerSetDescriptors": 4294967295,
      "maxMemoryAllocationSize": 18446744073709551615
    }
  ],
  "other_devices": []
}
