454-2026-09-28T11:24:10Z [869ms] [Warning] [carb.crashreporter-breakpad.plugin] [crash]   'CrashTime' = 'Mon Sep 28 11:24:09 2026 GMT'
455-2026-09-28T11:24:10Z [869ms] [Warning] [carb.crashreporter-breakpad.plugin] [crash]   'DriverShaderCacheWrapper' = 'disabled'
456-2026-09-28T11:24:10Z [869ms] [Warning] [carb.crashreporter-breakpad.plugin] [crash]   'DumpId' = '4cd8f537-cb0b-4e18-72a64b90-0d8c2d5e'
457-2026-09-28T11:24:10Z [869ms] [Warning] [carb.crashreporter-breakpad.plugin] [crash]   'LastUploadStatus' = ''
458-2026-09-28T11:24:10Z [869ms] [Warning] [carb.crashreporter-breakpad.plugin] [crash]   'ProductName' = 'OmniverseKit'
459:2026-09-28T11:24:10Z [869ms] [Warning] [carb.crashreporter-breakpad.plugin] [crash]   'PythonTracebackStatus' = ''py-spy' successfully wrote info to '/path/to/robodojo-openwam/envs/RoboDojo/lib/python3.11/site-packages/isaacsim/kit/data/Kit/Isaac-Sim/5.1/4cd8f537-cb0b-4e18-72a64b90-0d8c2d5e.py.txt''
460-2026-09-28T11:24:10Z [870ms] [Warning] [carb.crashreporter-breakpad.plugin] [crash]   'RetryCount' = '0'
461-2026-09-28T11:24:10Z [870ms] [Warning] [carb.crashreporter-breakpad.plugin] [crash]   'StartupTime' = '1790594597'
462-2026-09-28T11:24:10Z [870ms] [Warning] [carb.crashreporter-breakpad.plugin] [crash]   'UploadSuccessful' = '0'
463-2026-09-28T11:24:10Z [870ms] [Warning] [carb.crashreporter-breakpad.plugin] [crash]   'UptimeSeconds' = '52'
464-2026-09-28T11:24:10Z [870ms] [Warning] [carb.crashreporter-breakpad.plugin] [crash]   'UserStory' = ''
465-2026-09-28T11:24:10Z [870ms] [Warning] [carb.crashreporter-breakpad.plugin] [crash]   'UserStoryStatus' = 'Running in headless mode; not gathering user story'
466-2026-09-28T11:24:10Z [871ms] [Warning] [carb.crashreporter-breakpad.plugin] [crash]   'Version' = '107.3.3+production.229672.69cbf6ad.gl'
467-2026-09-28T11:24:10Z [871ms] [Warning] [carb.crashreporter-breakpad.plugin] [crash]   'aftermath_enabled' = '1'
468-2026-09-28T11:24:10Z [871ms] [Warning] [carb.crashreporter-breakpad.plugin] [crash]   'aftermath_flags' = '3'
469-2026-09-28T11:24:10Z [871ms] [Warning] [carb.crashreporter-breakpad.plugin] [crash]   'aftermath_status' = 'auto-enabled'
470-2026-09-28T11:24:10Z [871ms] [Warning] [carb.crashreporter-breakpad.plugin] [crash]   'aftermath_version' = '2024.1'
471-2026-09-28T11:24:10Z [871ms] [Warning] [carb.crashreporter-breakpad.plugin] [crash]   'appName' = 'Isaac-Sim'
472-2026-09-28T11:24:10Z [871ms] [Warning] [carb.crashreporter-breakpad.plugin] [crash]   'appState' = 'started'
473-2026-09-28T11:24:10Z [872ms] [Warning] [carb.crashreporter-breakpad.plugin] [crash]   'appVersion' = '5.1.0'
474-2026-09-28T11:24:10Z [872ms] [Warning] [carb.crashreporter-breakpad.plugin] [crash]   'autoloadExts' = ''
475-2026-09-28T11:24:10Z [872ms] [Warning] [carb.crashreporter-breakpad.plugin] [crash]   'buildBranch' = 'production'
476-2026-09-28T11:24:10Z [872ms] [Warning] [carb.crashreporter-breakpad.plugin] [crash]   'buildCi' = 'gl'
477-2026-09-28T11:24:10Z [872ms] [Warning] [carb.crashreporter-breakpad.plugin] [crash]   'buildConfig' = 'release'
478-2026-09-28T11:24:10Z [872ms] [Warning] [carb.crashreporter-breakpad.plugin] [crash]   'buildGitlabJobName' = 'kit-build-release-linux-x86_64'
479-2026-09-28T11:24:10Z [872ms] [Warning] [carb.crashreporter-breakpad.plugin] [crash]   'buildGitlabJobStage' = 'kit-build'
480-2026-09-28T11:24:10Z [873ms] [Warning] [carb.crashreporter-breakpad.plugin] [crash]   'buildGitlabPipelineID' = '34875094'
481-2026-09-28T11:24:10Z [873ms] [Warning] [carb.crashreporter-breakpad.plugin] [crash]   'buildHash' = '69cbf6ad'
482-2026-09-28T11:24:10Z [873ms] [Warning] [carb.crashreporter-breakpad.plugin] [crash]   'buildMajor' = '107'
483-2026-09-28T11:24:10Z [873ms] [Warning] [carb.crashreporter-breakpad.plugin] [crash]   'buildMinor' = '3'
--
1786-2026-09-28T11:24:12Z [3,335ms] [Warning] [carb.crashreporter-breakpad.plugin] [crash]  CrashTime = 'Mon Sep 28 11:24:09 2026 GMT'
1787-2026-09-28T11:24:12Z [3,335ms] [Warning] [carb.crashreporter-breakpad.plugin] [crash]  DriverShaderCacheWrapper = 'disabled'
1788-2026-09-28T11:24:12Z [3,335ms] [Warning] [carb.crashreporter-breakpad.plugin] [crash]  DumpId = '4cd8f537-cb0b-4e18-72a64b90-0d8c2d5e'
1789-2026-09-28T11:24:12Z [3,336ms] [Warning] [carb.crashreporter-breakpad.plugin] [crash]  LastUploadStatus = '200'
1790-2026-09-28T11:24:12Z [3,336ms] [Warning] [carb.crashreporter-breakpad.plugin] [crash]  ProductName = 'OmniverseKit'
1791:2026-09-28T11:24:12Z [3,336ms] [Warning] [carb.crashreporter-breakpad.plugin] [crash]  PythonTracebackStatus = ''py-spy' successfully wrote info to '/path/to/robodojo-openwam/envs/RoboDojo/lib/python3.11/site-packages/isaacsim/kit/data/Kit/Isaac-Sim/5.1/4cd8f537-cb0b-4e18-72a64b90-0d8c2d5e.py.txt''
1792-2026-09-28T11:24:12Z [3,336ms] [Warning] [carb.crashreporter-breakpad.plugin] [crash]  RetryCount = '0'
1793-2026-09-28T11:24:12Z [3,336ms] [Warning] [carb.crashreporter-breakpad.plugin] [crash]  StartupTime = '1790594597'
1794-2026-09-28T11:24:12Z [3,337ms] [Warning] [carb.crashreporter-breakpad.plugin] [crash]  UploadSuccessful = '0'
1795-2026-09-28T11:24:12Z [3,337ms] [Warning] [carb.crashreporter-breakpad.plugin] [crash]  UptimeSeconds = '52'
1796-2026-09-28T11:24:12Z [3,337ms] [Warning] [carb.crashreporter-breakpad.plugin] [crash]  UserStory = ''
1797-2026-09-28T11:24:12Z [3,337ms] [Warning] [carb.crashreporter-breakpad.plugin] [crash]  UserStoryStatus = 'Running in headless mode; not gathering user story'
1798-2026-09-28T11:24:12Z [3,338ms] [Warning] [carb.crashreporter-breakpad.plugin] [crash]  Version = '107.3.3+production.229672.69cbf6ad.gl'
1799-2026-09-28T11:24:12Z [3,338ms] [Warning] [carb.crashreporter-breakpad.plugin] [crash]  aftermath_enabled = '1'
1800-2026-09-28T11:24:12Z [3,338ms] [Warning] [carb.crashreporter-breakpad.plugin] [crash]  aftermath_flags = '3'
1801-2026-09-28T11:24:12Z [3,338ms] [Warning] [carb.crashreporter-breakpad.plugin] [crash]  aftermath_status = 'auto-enabled'
1802-2026-09-28T11:24:12Z [3,338ms] [Warning] [carb.crashreporter-breakpad.plugin] [crash]  aftermath_version = '2024.1'
1803-2026-09-28T11:24:12Z [3,339ms] [Warning] [carb.crashreporter-breakpad.plugin] [crash]  appName = 'Isaac-Sim'
1804-2026-09-28T11:24:12Z [3,339ms] [Warning] [carb.crashreporter-breakpad.plugin] [crash]  appState = 'started'
1805-2026-09-28T11:24:12Z [3,339ms] [Warning] [carb.crashreporter-breakpad.plugin] [crash]  appVersion = '5.1.0'
1806-2026-09-28T11:24:12Z [3,339ms] [Warning] [carb.crashreporter-breakpad.plugin] [crash]  autoloadExts = ''
1807-2026-09-28T11:24:12Z [3,340ms] [Warning] [carb.crashreporter-breakpad.plugin] [crash]  buildBranch = 'production'
1808-2026-09-28T11:24:12Z [3,340ms] [Warning] [carb.crashreporter-breakpad.plugin] [crash]  buildCi = 'gl'
1809-2026-09-28T11:24:12Z [3,340ms] [Warning] [carb.crashreporter-breakpad.plugin] [crash]  buildConfig = 'release'
1810-2026-09-28T11:24:12Z [3,340ms] [Warning] [carb.crashreporter-breakpad.plugin] [crash]  buildGitlabJobName = 'kit-build-release-linux-x86_64'
1811-2026-09-28T11:24:12Z [3,341ms] [Warning] [carb.crashreporter-breakpad.plugin] [crash]  buildGitlabJobStage = 'kit-build'
1812-2026-09-28T11:24:12Z [3,341ms] [Warning] [carb.crashreporter-breakpad.plugin] [crash]  buildGitlabPipelineID = '34875094'
1813-2026-09-28T11:24:12Z [3,341ms] [Warning] [carb.crashreporter-breakpad.plugin] [crash]  buildHash = '69cbf6ad'
1814-2026-09-28T11:24:12Z [3,341ms] [Warning] [carb.crashreporter-breakpad.plugin] [crash]  buildMajor = '107'
1815-2026-09-28T11:24:12Z [3,341ms] [Warning] [carb.crashreporter-breakpad.plugin] [crash]  buildMinor = '3'
--
3116-2026-09-28T11:24:13Z [3,571ms] [Fatal] [carb.crashreporter-breakpad.plugin] 015: libcarb.tasking.plugin.so!void std::vector<int, std::allocator<int> >::_M_realloc_insert<int const&>(__gnu_cxx::__normal_iterator<int*, std::vector<int, std::allocator<int> > >, int const&)+0xb6ff (??:?)
3117-2026-09-28T11:24:13Z [3,587ms] [Fatal] [carb.crashreporter-breakpad.plugin] 016: libcarb.tasking.plugin.so!make_fcontext+0x39 (??:?)
3118-/path/to/robodojo-openwam/RoboDojo/scripts/eval_policy.sh: line 188: 1583256 Segmentation fault      (core dumped) python -u src/eval_client/main.py --task_name "$task_name" --env_cfg_type "$env_cfg_type" --num_envs "$num_envs" --enable_cameras --kit_args "$KIT_ARGS" --device_id "$device_id" --policy_name "$policy_name" --port "$port" --protocol "$protocol" --policy_server_url "$policy_server_url" --additional_info "$additional_info" --seed "$seed" --host "$host" --headless "${extra_args[@]}" "$@"
3119-[eval_policy] giving up after 1 restart(s) (rc=139, run_id=sz2_openwam_stack_bowls_s0_20260928_1921)
3120-[MAIN] kill server tree 1274132
3121:RUN_EXIT=139
