[robodojo client] task=sort_nesting_dolls_by_size policy=Pi_05 server=127.0.0.1:63163 eval_num=default
[robodojo client] policy server reachable at 127.0.0.1:63163
[INFO] PYTHONPATH=/srv/dojo/RoboDojo:/srv/dojo/RoboDojo/XPolicyLab:
[INFO] policy transport = WebSocket (protocol: ws)
[INFO] policy_server_url = ws://127.0.0.1:63163
[INFO] device_id = 7 → CUDA_VISIBLE_DEVICES=7
[INFO] render_interval = 10
[INFO] num_envs        = 4
[INFO] single GPU render: 7
[eval_policy] ROBODOJO_RUN_ID=sz3_pi05_official_6300_n4_dual_20260929_r2_s0_sort_nesting_dolls_by_size
[main] PhysX monitor enabled=False (task=sort_nesting_dolls_by_size)
[INFO][AppLauncher]: Using device: cuda:0
[INFO][AppLauncher]: Loading experience file: /srv/dojo/RoboDojo/third_party/IsaacLab/apps/isaaclab.python.kit
Loading user config located at: '/srv/dojo/envs/RoboDojo/lib/python3.11/site-packages/isaacsim/kit/data/Kit/Isaac-Sim/5.1/user.config.json'
[Info] [carb] Logging to file: /srv/dojo/envs/RoboDojo/lib/python3.11/site-packages/isaacsim/kit/logs/Kit/Isaac-Sim/5.1/kit_20261002_095242.log
[0.068s] [ext: omni.kit.async_engine-0.0.3] startup
[0.208s] [ext: omni.metrics.core-0.0.3] startup
[0.208s] [ext: omni.client.lib-1.1.0] startup
[0.223s] [ext: omni.blobkey-1.1.2] startup
[0.223s] [ext: omni.stats-1.0.1] startup
[0.224s] [ext: omni.datastore-0.0.0] startup
[0.232s] [ext: omni.client-1.3.0] startup
[0.238s] [ext: omni.ujitso.default-1.0.0] startup
[0.240s] [ext: omni.hsscclient-1.1.2] startup
[0.244s] [ext: omni.gpu_foundation.shadercache.vulkan-1.0.0] startup
[0.246s] [ext: omni.assets.plugins-0.0.0] startup
[0.248s] [ext: omni.gpu_foundation-0.0.0] startup
[0.257s] [ext: carb.windowing.plugins-1.0.0] startup
2026-10-02T09:52:42Z [224ms] [Warning] [carb.windowing-glfw.plugin] GLFW initialization failed.
2026-10-02T09:52:42Z [224ms] [Warning] [carb] Failed to startup plugin carb.windowing-glfw.plugin (interfaces: [carb::windowing::IGLContext v1.0],[carb::windowing::IWindowing v1.5]) (impl: carb.windowing-glfw.plugin)
[0.258s] [ext: omni.kit.renderer.init-0.0.0] startup
2026-10-02T09:52:42Z [294ms] [Warning] [omni.platforminfo.plugin] failed to open the default display.  Can't verify X Server version.
2026-10-02T09:52:42Z [301ms] [Warning] [carb.cudainterop.plugin] CUDA_VISIBLE_DEVICES environment variable is set.
2026-10-02T09:52:42Z [301ms] [Warning] [carb.cudainterop.plugin] Note CUDA device enumeration and Omniverse device enumeration are different.
2026-10-02T09:52:42Z [301ms] [Warning] [carb.cudainterop.plugin] Setting CUDA_VISIBLE_DEVICES can lead to undesired behavior or crashes.
2026-10-02T09:52:43Z [1,562ms] [Warning] [gpu.foundation.plugin] Skipping NVIDIA GPU due CUDA being in bad state: NVIDIA H100 80GB HBM3
2026-10-02T09:52:43Z [1,562ms] [Warning] [gpu.foundation.plugin] Please restart your system if CUDA is known to work in your system.
2026-10-02T09:52:43Z [1,563ms] [Warning] [gpu.foundation.plugin] Skipping NVIDIA GPU due CUDA being in bad state: NVIDIA H100 80GB HBM3
2026-10-02T09:52:43Z [1,563ms] [Warning] [gpu.foundation.plugin] Please restart your system if CUDA is known to work in your system.
2026-10-02T09:52:43Z [1,564ms] [Warning] [gpu.foundation.plugin] Skipping NVIDIA GPU due CUDA being in bad state: NVIDIA H100 80GB HBM3
2026-10-02T09:52:43Z [1,564ms] [Warning] [gpu.foundation.plugin] Please restart your system if CUDA is known to work in your system.
2026-10-02T09:52:43Z [1,565ms] [Warning] [gpu.foundation.plugin] Skipping NVIDIA GPU due CUDA being in bad state: NVIDIA H100 80GB HBM3
2026-10-02T09:52:43Z [1,565ms] [Warning] [gpu.foundation.plugin] Please restart your system if CUDA is known to work in your system.
2026-10-02T09:52:43Z [1,566ms] [Warning] [gpu.foundation.plugin] Skipping NVIDIA GPU due CUDA being in bad state: NVIDIA H100 80GB HBM3
2026-10-02T09:52:43Z [1,566ms] [Warning] [gpu.foundation.plugin] Please restart your system if CUDA is known to work in your system.
2026-10-02T09:52:43Z [1,567ms] [Warning] [gpu.foundation.plugin] Skipping NVIDIA GPU due CUDA being in bad state: NVIDIA H100 80GB HBM3
2026-10-02T09:52:43Z [1,567ms] [Warning] [gpu.foundation.plugin] Please restart your system if CUDA is known to work in your system.
2026-10-02T09:52:43Z [1,568ms] [Warning] [gpu.foundation.plugin] Skipping NVIDIA GPU due CUDA being in bad state: NVIDIA H100 80GB HBM3
2026-10-02T09:52:43Z [1,568ms] [Warning] [gpu.foundation.plugin] Please restart your system if CUDA is known to work in your system.
2026-10-02T09:52:43Z [1,569ms] [Warning] [gpu.foundation.plugin] Skipping NVIDIA GPU due CUDA being in bad state: NVIDIA H100 80GB HBM3
2026-10-02T09:52:43Z [1,569ms] [Warning] [gpu.foundation.plugin] Please restart your system if CUDA is known to work in your system.
2026-10-02T09:52:43Z [1,569ms] [Warning] [gpu.foundation.plugin] Skipping NVIDIA GPU due CUDA being in bad state: NVIDIA H100 80GB HBM3
2026-10-02T09:52:43Z [1,569ms] [Warning] [gpu.foundation.plugin] Please restart your system if CUDA is known to work in your system.
2026-10-02T09:52:43Z [1,569ms] [Warning] [gpu.foundation.plugin] Skipping NVIDIA GPU due CUDA being in bad state: NVIDIA H100 80GB HBM3
2026-10-02T09:52:43Z [1,569ms] [Warning] [gpu.foundation.plugin] Please restart your system if CUDA is known to work in your system.
2026-10-02T09:52:43Z [1,569ms] [Warning] [gpu.foundation.plugin] Skipping NVIDIA GPU due CUDA being in bad state: NVIDIA H100 80GB HBM3
2026-10-02T09:52:43Z [1,569ms] [Warning] [gpu.foundation.plugin] Please restart your system if CUDA is known to work in your system.
2026-10-02T09:52:43Z [1,569ms] [Warning] [gpu.foundation.plugin] Skipping NVIDIA GPU due CUDA being in bad state: NVIDIA H100 80GB HBM3
2026-10-02T09:52:43Z [1,569ms] [Warning] [gpu.foundation.plugin] Please restart your system if CUDA is known to work in your system.
2026-10-02T09:52:43Z [1,569ms] [Warning] [gpu.foundation.plugin] Skipping NVIDIA GPU due CUDA being in bad state: NVIDIA H100 80GB HBM3
2026-10-02T09:52:43Z [1,569ms] [Warning] [gpu.foundation.plugin] Please restart your system if CUDA is known to work in your system.
2026-10-02T09:52:43Z [1,569ms] [Warning] [gpu.foundation.plugin] Skipping NVIDIA GPU due CUDA being in bad state: NVIDIA H100 80GB HBM3
2026-10-02T09:52:43Z [1,569ms] [Warning] [gpu.foundation.plugin] Please restart your system if CUDA is known to work in your system.

|---------------------------------------------------------------------------------------------|
| Driver Version: 575.57.08     | Graphics API: Vulkan
|=============================================================================================|
| GPU | Name                             | Active | LDA | GPU Memory | Vendor-ID | LUID       |
|     |                                  |        |     |            | Device-ID | UUID       |
|     |                                  |        |     |            | Bus-ID    |            |
|---------------------------------------------------------------------------------------------|
| 0   | NVIDIA H100 80GB HBM3            |        |     | 81559   MB | 10de      | 0          |
|     |                                  |        |     |            | 2330      | a8b81587.. |
|     |                                  |        |     |            | a         |            |
|---------------------------------------------------------------------------------------------|
| 1   | NVIDIA H100 80GB HBM3            |        |     | 81559   MB | 10de      | 0          |
|     |                                  |        |     |            | 2330      | a5db195a.. |
|     |                                  |        |     |            | 18        |            |
|---------------------------------------------------------------------------------------------|
| 2   | NVIDIA H100 80GB HBM3            |        |     | 81559   MB | 10de      | 0          |
|     |                                  |        |     |            | 2330      | 4ec384bf.. |
|     |                                  |        |     |            | 42        |            |
|---------------------------------------------------------------------------------------------|
| 3   | NVIDIA H100 80GB HBM3            |        |     | 81559   MB | 10de      | 0          |
|     |                                  |        |     |            | 2330      | 2f0e1a8f.. |
|     |                                  |        |     |            | 4b        |            |
|---------------------------------------------------------------------------------------------|
| 4   | NVIDIA H100 80GB HBM3            |        |     | 81559   MB | 10de      | 0          |
|     |                                  |        |     |            | 2330      | 9200fbe8.. |
|     |                                  |        |     |            | 87        |            |
|---------------------------------------------------------------------------------------------|
| 5   | NVIDIA H100 80GB HBM3            |        |     | 81559   MB | 10de      | 0          |
|     |                                  |        |     |            | 2330      | 3bbde6c0.. |
|     |                                  |        |     |            | 90        |            |
|---------------------------------------------------------------------------------------------|
| 6   | NVIDIA H100 80GB HBM3            |        |     | 81559   MB | 10de      | 0          |
|     |                                  |        |     |            | 2330      | daa75ed0.. |
|     |                                  |        |     |            | be        |            |
|---------------------------------------------------------------------------------------------|
| 7   | NVIDIA H100 80GB HBM3            | Yes: 0 |     | 81559   MB | 10de      | 0          |
|     |                                  |        |     |            | 2330      | 00171f89.. |
|     |                                  |        |     |            | c7        |            |
|=============================================================================================|
| OS: 22.04.5 LTS (Jammy Jellyfish) ubuntu, Version: 22.04.5, Kernel: 5.15.0-119-generic
| Processor: Intel(R) Xeon(R) Platinum 8462Y+
| Cores: 64 | Logical Cores: 128
|---------------------------------------------------------------------------------------------|
| Total Memory (MB): 2063885 | Free Memory: 1962492
| Total Page/Swap (MB): 6115 | Free Page/Swap: 2233
|---------------------------------------------------------------------------------------------|
2026-10-02T09:52:44Z [2,073ms] [Warning] [gpu.foundation.plugin] CPU performance profile is set to powersave. This profile sets the CPU to the lowest frequency reducing performance.
2026-10-02T09:52:44Z [2,090ms] [Warning] [gpu.foundation.plugin] ECC is enabled on physical device 7
[2.485s] [ext: omni.materialx.libs-1.0.7] startup
[2.496s] [ext: omni.kit.loop-isaac-1.3.7] startup
[2.497s] [ext: omni.kit.test-2.0.1] startup
[2.551s] [ext: omni.kit.pipapi-0.0.0] startup
[2.551s] [ext: omni.usd.config-1.0.6] startup
[2.555s] [ext: omni.gpucompute.plugins-0.0.0] startup
[2.555s] [ext: omni.usd.libs-1.0.1] startup
2026-10-02T09:52:44Z [2,597ms] [Error] [omni.ext.plugin] Could not load the dynamic library from /srv/dojo/envs/RoboDojo/lib/python3.11/site-packages/isaacsim/extscache/omni.usd.libs-1.0.1+69cbf6ad.lx64.r.cp311/bin/libMaterialXRenderHw.so. Error: libXt.so.6: cannot open shared object file: No such file or directory (note that this may be caused by a dependent library)
2026-10-02T09:52:44Z [2,610ms] [Error] [omni.ext.plugin] Could not load the dynamic library from /srv/dojo/envs/RoboDojo/lib/python3.11/site-packages/isaacsim/extscache/omni.usd.libs-1.0.1+69cbf6ad.lx64.r.cp311/bin/libMaterialXRenderGlsl.so. Error: libXt.so.6: cannot open shared object file: No such file or directory (note that this may be caused by a dependent library)
2026-10-02T09:52:44Z [2,622ms] [Error] [omni.ext.plugin] Could not load the dynamic library from /srv/dojo/envs/RoboDojo/lib/python3.11/site-packages/isaacsim/extscache/omni.usd.libs-1.0.1+69cbf6ad.lx64.r.cp311/bin/libusd_usdBakeMtlx.so. Error: libXt.so.6: cannot open shared object file: No such file or directory (note that this may be caused by a dependent library)
[2.663s] [ext: omni.kit.pip_archive-0.0.0] startup
[2.664s] [ext: omni.mdl-56.0.3] startup
[2.742s] [ext: omni.iray.libs-0.0.0] startup
[2.749s] [ext: omni.mdl.neuraylib-0.2.12] startup
[2.753s] [ext: omni.kit.usd.mdl-1.1.5] startup
[2.892s] [ext: omni.kit.telemetry-0.5.2] startup
[2.926s] [ext: omni.appwindow-1.1.10] startup
2026-10-02T09:52:45Z [2,895ms] [Warning] [carb.windowing-glfw.plugin] GLFW initialization failed.
2026-10-02T09:52:45Z [2,895ms] [Warning] [carb] Failed to startup plugin carb.windowing-glfw.plugin (interfaces: [carb::windowing::IGLContext v1.0],[carb::windowing::IWindowing v1.5]) (impl: carb.windowing-glfw.plugin)
[2.931s] [ext: omni.kit.renderer.core-1.1.0] startup
2026-10-02T09:52:45Z [3,053ms] [Warning] [carb.windowing-glfw.plugin] GLFW initialization failed.
2026-10-02T09:52:45Z [3,053ms] [Warning] [carb] Failed to startup plugin carb.windowing-glfw.plugin (interfaces: [carb::windowing::IGLContext v1.0],[carb::windowing::IWindowing v1.5]) (impl: carb.windowing-glfw.plugin)
2026-10-02T09:52:45Z [3,067ms] [Warning] [carb.windowing-glfw.plugin] GLFW initialization failed.
2026-10-02T09:52:45Z [3,067ms] [Warning] [carb] Failed to startup plugin carb.windowing-glfw.plugin (interfaces: [carb::windowing::IGLContext v1.0],[carb::windowing::IWindowing v1.5]) (impl: carb.windowing-glfw.plugin)
[3.102s] [ext: omni.kit.renderer.capture-0.0.0] startup
[3.105s] [ext: omni.kit.renderer.imgui-2.0.5] startup
2026-10-02T09:52:45Z [3,075ms] [Warning] [carb.windowing-glfw.plugin] GLFW initialization failed.
2026-10-02T09:52:45Z [3,075ms] [Warning] [carb] Failed to startup plugin carb.windowing-glfw.plugin (interfaces: [carb::windowing::IGLContext v1.0],[carb::windowing::IWindowing v1.5]) (impl: carb.windowing-glfw.plugin)
2026-10-02T09:52:45Z [3,079ms] [Warning] [carb.windowing-glfw.plugin] GLFW initialization failed.
2026-10-02T09:52:45Z [3,079ms] [Warning] [carb] Failed to startup plugin carb.windowing-glfw.plugin (interfaces: [carb::windowing::IGLContext v1.0],[carb::windowing::IWindowing v1.5]) (impl: carb.windowing-glfw.plugin)
2026-10-02T09:52:45Z [3,080ms] [Warning] [carb.windowing-glfw.plugin] GLFW initialization failed.
2026-10-02T09:52:45Z [3,080ms] [Warning] [carb] Failed to startup plugin carb.windowing-glfw.plugin (interfaces: [carb::windowing::IGLContext v1.0],[carb::windowing::IWindowing v1.5]) (impl: carb.windowing-glfw.plugin)
[3.214s] [ext: omni.ui-2.27.1] startup
[3.229s] [ext: omni.kit.mainwindow-1.0.3] startup
[3.231s] [ext: carb.audio-0.1.0] startup
[3.258s] [ext: omni.uiaudio-1.0.0] startup
[3.260s] [ext: omni.kit.uiapp-0.0.0] startup
[3.260s] [ext: omni.usd.schema.metrics.assembler-107.3.1] startup
[3.264s] [ext: omni.usd.schema.omnigraph-1.0.0] startup
[3.272s] [ext: omni.usd.schema.semantics-0.0.0] startup
[3.275s] [ext: omni.usd.schema.audio-0.0.0] startup
[3.279s] [ext: omni.usd.schema.geospatial-0.0.0] startup
[3.283s] [ext: omni.usd.schema.anim-0.0.0] startup
[3.304s] [ext: omni.usd_resolver-1.0.0] startup
[3.308s] [ext: omni.usd.core-1.5.3] startup
[3.310s] [ext: omni.usd.schema.omni_lens_distortion-0.0.0] startup
[3.331s] [ext: isaacsim.robot.schema-3.6.0] startup
[3.339s] [ext: omni.usd.schema.physx-107.3.26] startup
[3.371s] [ext: omni.usd.schema.render_settings.rtx-0.0.0] startup
[3.372s] [ext: omni.usd.schema.omni_sensors-0.0.0] startup
[3.373s] [ext: omni.usd.schema.omniscripting-1.0.0] startup
[3.377s] [ext: omni.graph.exec-0.9.6] startup
[3.377s] [ext: omni.kit.actions.core-1.0.0] startup
[3.379s] [ext: omni.kit.usd_undo-0.1.8] startup
[3.380s] [ext: omni.kit.exec.core-0.13.4] startup
[3.381s] [ext: omni.kit.commands-1.4.10] startup
[3.384s] [ext: omni.kit.window.popup_dialog-2.0.24] startup
[3.388s] [ext: omni.activity.core-1.0.3] startup
[3.389s] [ext: omni.resourcemonitor-107.0.1] startup
[3.391s] [ext: omni.timeline-1.0.14] startup
[3.393s] [ext: omni.kit.widget.nucleus_connector-2.0.1] startup
[3.394s] [ext: usdrt.scenegraph-7.6.1] startup
[3.428s] [ext: omni.kit.audiodeviceenum-1.0.2] startup
[3.430s] [ext: omni.hydra.usdrt_delegate-7.5.1] startup
[3.436s] [ext: omni.hydra.scene_delegate-0.3.4] startup
[3.440s] [ext: omni.usd-1.13.10] startup
[3.464s] [ext: omni.kit.asset_converter-5.0.17] startup
[3.476s] [ext: omni.index.libs-380600.8087.0] startup
[3.476s] [ext: omni.volume-0.5.2] startup
[3.478s] [ext: omni.ujitso.client-0.0.0] startup
[3.479s] [ext: omni.index-1.0.1] startup
[3.479s] [ext: omni.hydra.rtx.shadercache.vulkan-1.0.0] startup
[3.480s] [ext: omni.hydra.rtx-1.0.0] startup
2026-10-02T09:52:45Z [3,464ms] [Warning] [omni.log] Source: omni.hydra was already registered.
[3.512s] [ext: omni.kit.notification_manager-1.0.10] startup
[3.514s] [ext: omni.kit.clipboard-1.0.5] startup
[3.572s] [ext: omni.kit.viewport.legacy_gizmos-1.0.19] startup
[3.577s] [ext: omni.kit.raycast.query-1.1.0] startup
[3.582s] [ext: omni.kit.menu.core-1.1.2] startup
[3.583s] [ext: omni.kit.widget.options_menu-1.1.6] startup
[3.585s] [ext: omni.kit.helper.file_utils-0.1.9] startup
[3.587s] [ext: omni.kit.widget.path_field-2.0.11] startup
[3.588s] [ext: omni.kit.widget.context_menu-1.2.5] startup
[3.589s] [ext: omni.kit.widget.options_button-1.0.3] startup
[3.589s] [ext: omni.kit.widget.filebrowser-2.12.3] startup
[3.594s] [ext: omni.kit.widget.browser_bar-2.0.10] startup
[3.595s] [ext: omni.kit.usd.layers-2.2.11] startup
[3.602s] [ext: omni.ui.scene-1.11.5] startup
[3.607s] [ext: omni.kit.viewport.registry-104.0.6] startup
[3.607s] [ext: omni.kit.window.filepicker-2.13.4] startup
[3.621s] [ext: omni.kit.menu.utils-2.0.5] startup
[3.628s] [ext: omni.kit.context_menu-1.8.6] startup
[3.630s] [ext: omni.kit.viewport.scene_camera_model-1.0.6] startup
[3.634s] [ext: omni.kit.hydra_texture-1.4.6] startup
[3.638s] [ext: omni.kit.window.file_importer-1.1.18] startup
[3.640s] [ext: omni.kit.widget.searchable_combobox-1.0.6] startup
[3.641s] [ext: omni.kit.window.drop_support-1.0.5] startup
[3.641s] [ext: omni.kit.widget.viewport-107.1.3] startup
[3.645s] [ext: omni.kit.material.library-2.0.7] startup
[3.649s] [ext: omni.hydra.engine.stats-1.0.3] startup
[3.652s] [ext: omni.kit.widget.settings-1.2.6] startup
[3.654s] [ext: omni.kit.viewport.window-107.2.0] startup
[3.669s] [ext: omni.kit.window.preferences-1.8.0] startup
[3.674s] [ext: omni.kit.widget.toolbar-2.0.1] startup
[3.679s] [ext: omni.kit.viewport.utility-1.1.2] startup
[3.680s] [ext: omni.kit.manipulator.transform-107.0.0] startup
[3.683s] [ext: omni.kit.manipulator.tool.snap-1.5.13] startup
[3.687s] [ext: omni.kit.manipulator.selector-1.1.3] startup
[3.688s] [ext: omni.kit.property.adapter.core-1.0.2] startup
[3.690s] [ext: omni.kit.viewport.manipulator.transform-107.0.4] startup
[3.692s] [ext: omni.kit.manipulator.viewport-107.0.1] startup
[3.692s] [ext: omni.kit.property.adapter.fabric-1.0.3] startup
[3.693s] [ext: omni.kit.manipulator.prim.core-107.0.8] startup
[3.699s] [ext: omni.kit.primitive.mesh-1.0.17] startup
[3.702s] [ext: omni.kit.widget.filter-1.1.4] startup
[3.703s] [ext: omni.kit.hotkeys.core-1.3.10] startup
[3.705s] [ext: omni.kit.manipulator.prim.usd-107.0.3] startup
[3.706s] [ext: omni.fabric.commands-1.1.6] startup
[3.708s] [ext: omni.kit.window.file_exporter-1.0.33] startup
[3.709s] [ext: omni.kit.widget.searchfield-1.1.8] startup
[3.710s] [ext: omni.kit.manipulator.prim.fabric-107.0.4] startup
[3.712s] [ext: omni.debugdraw-0.1.4] startup
[3.715s] [ext: omni.kit.widget.stage-3.1.4] startup
[3.725s] [ext: omni.kit.property.adapter.usd-1.0.2] startup
[3.726s] [ext: omni.kit.manipulator.prim-107.0.0] startup
[3.726s] [ext: omni.kvdb-107.3.26] startup
[3.728s] [ext: omni.convexdecomposition-107.3.26] startup
[3.730s] [ext: omni.physx.foundation-107.3.26] startup
[3.732s] [ext: omni.localcache-107.3.26] startup
[3.733s] [ext: omni.kit.window.content_browser_registry-0.0.6] startup
[3.733s] [ext: omni.kit.widget.highlight_label-1.0.3] startup
[3.734s] [ext: omni.kit.stage_template.core-1.1.22] startup
[3.734s] [ext: omni.usdphysics-107.3.26] startup
[3.736s] [ext: omni.kit.window.file-2.0.5] startup
[3.739s] [ext: omni.physx.cooking-107.3.26] startup
[3.742s] [ext: omni.physics-107.3.26] startup
[3.745s] [ext: omni.kit.window.property-1.12.1] startup
[3.748s] [ext: omni.kit.window.content_browser-3.1.3] startup
[3.758s] [ext: omni.physx-107.3.26] startup
[3.769s] [ext: omni.physics.stageupdate-107.3.26] startup
[3.771s] [ext: omni.kit.property.usd-4.5.12] startup
[3.781s] [ext: omni.kit.manipulator.selection-106.0.1] startup
[3.782s] [ext: omni.physics.physx-107.3.26] startup
2026-10-02T09:52:45Z [3,750ms] [Warning] [carb] Acquiring non optional plugin interface which is not listed as dependency: [omni::physx::IPhysxBenchmarks v1.0] (plugin: <default plugin>), by client: omni.physics.physx.plugin. Add it to CARB_PLUGIN_IMPL_DEPS() macro of a client.
[3.784s] [ext: omni.kit.widget.prompt-1.0.7] startup
[3.785s] [ext: omni.kit.viewport.menubar.core-107.2.1] startup
[3.798s] [ext: omni.kit.viewport.actions-107.0.2] startup
[3.802s] [ext: omni.inspect-1.0.2] startup
[3.803s] [ext: omni.kit.widget.layers-1.8.6] startup
[3.814s] [ext: omni.kit.viewport.menubar.display-107.0.3] startup
[3.816s] [ext: omni.usd.metrics.assembler-107.3.1] startup
[3.822s] [ext: omni.graph.core-2.184.5] startup
[3.825s] [ext: omni.kit.numpy.common-0.1.3] startup
[3.826s] [ext: omni.usdphysics.ui-107.3.26] startup
[3.854s] [ext: omni.physx.commands-107.3.26] startup
[3.860s] [ext: isaacsim.core.deprecation_manager-0.2.7] startup
[3.862s] [ext: omni.isaac.dynamic_control-2.0.7] startup
2026-10-02T09:52:46Z [3,835ms] [Warning] [omni.isaac.dynamic_control] omni.isaac.dynamic_control is deprecated as of Isaac Sim 4.5. No action is needed from end-users.
[3.869s] [ext: omni.physx.ui-107.3.26] startup
[3.909s] [ext: isaacsim.core.version-2.0.6] startup
[3.909s] [ext: omni.physics.tensors-107.3.26] startup
[3.916s] [ext: omni.warp.core-1.8.2] startup
[4.132s] [ext: omni.usd.metrics.assembler.physics-107.3.26] startup
[4.134s] [ext: isaacsim.storage.native-1.5.1] startup
[4.136s] [ext: omni.physx.tensors-107.3.26] startup
[4.141s] [ext: isaacsim.core.utils-3.5.1] startup
[4.145s] [ext: isaacsim.core.simulation_manager-1.4.4] startup
[5.963s] [ext: omni.kit.widget.stage_icons-1.0.8] startup
[5.964s] [ext: omni.kit.widget.text_editor-1.1.1] startup
[5.966s] [ext: omni.kit.window.stage-2.6.1] startup
[5.971s] [ext: omni.kit.menu.create-2.0.1] startup
[5.972s] [ext: omni.kit.window.extensions-1.4.27] startup
[5.979s] [ext: omni.kit.scripting-107.3.2] startup
[5.983s] [ext: omni.kit.stagerecorder.core-107.0.3] startup
[5.988s] [ext: isaacsim.replicator.behavior-1.1.16] startup
[5.988s] [ext: omni.graph.tools-1.79.2] startup
[6.012s] [ext: omni.ui_query-1.1.8] startup
[6.013s] [ext: omni.kit.widget.zoombar-1.0.6] startup
[6.014s] [ext: omni.graph-1.141.2] startup
[6.062s] [ext: omni.graph.action_core-1.1.7] startup
[6.065s] [ext: omni.kit.ui_test-1.3.7] startup
[6.068s] [ext: omni.kit.browser.core-2.3.13] startup
[6.073s] [ext: omni.kit.usd.collect-2.4.5] startup
[6.077s] [ext: omni.graph.action_nodes-1.50.4] startup
[6.082s] [ext: omni.kit.menu.stage-1.2.7] startup
[6.087s] [ext: omni.kit.browser.folder.core-1.10.9] startup
[6.100s] [ext: omni.kit.usdz_export-1.0.9] startup
[6.106s] [ext: omni.graph.visualization.nodes-2.1.3] startup
[6.129s] [ext: omni.graph.action-1.130.0] startup
[6.140s] [ext: omni.kit.tool.collect-2.2.18] startup
[6.156s] [ext: omni.kit.tool.asset_importer-4.3.2] startup
[6.173s] [ext: isaacsim.gui.components-1.2.1] startup
[6.182s] [ext: isaacsim.examples.browser-0.2.1] startup
[6.188s] [ext: isaacsim.asset.importer.urdf-2.4.31] startup
[6.260s] [ext: isaacsim.core.cloner-1.4.10] startup
[6.267s] [ext: omni.kit.stagerecorder.ui-107.0.1] startup
[6.279s] [ext: isaacsim.asset.browser-1.3.23] startup
/srv/dojo/envs/RoboDojo/lib/python3.11/site-packages/requests/__init__.py:113: RequestsDependencyWarning: urllib3 (2.5.0) or chardet (7.6.0)/charset_normalizer (3.3.2) doesn't match a supported version!
  warnings.warn(
[6.350s] [ext: semantics.schema.editor-2.0.2] startup
2026-10-02T09:52:48Z [6,323ms] [Warning] [pxr.Semantics] pxr.Semantics is deprecated - please use Semantics instead
[6.359s] [ext: omni.kit.stagerecorder.bundle-105.0.2] startup
[6.359s] [ext: omni.kit.window.status_bar-0.1.9] startup
[6.364s] [ext: omni.kit.widget.graph-2.0.0] startup
[6.371s] [ext: omni.kit.stage_templates-2.0.0] startup
[6.375s] [ext: omni.graph.image.core-0.6.1] startup
[6.377s] [ext: omni.kit.graph.delegate.default-1.2.3] startup
[6.378s] [ext: isaacsim.core.experimental.utils-0.3.0] startup
[6.380s] [ext: omni.graph.image.nodes-1.3.1] startup
[6.382s] [ext: omni.kit.graph.editor.core-1.5.3] startup
[6.386s] [ext: omni.kit.graph.usd.commands-1.3.1] startup
[6.387s] [ext: omni.graph.nodes-1.170.10] startup
[6.399s] [ext: omni.graph.ui_nodes-1.50.5] startup
[6.404s] [ext: omni.kit.widget.material_preview-1.0.16] startup
[6.408s] [ext: omni.syntheticdata-0.6.13] startup
[6.440s] [ext: omni.videoencoding-0.1.2] startup
[6.446s] [ext: omni.warp-1.8.2] startup
[6.456s] [ext: omni.kit.window.material_graph-1.9.1] startup
[6.489s] [ext: omni.graph.scriptnode-1.50.0] startup
[6.497s] [ext: isaacsim.core.prims-0.6.1] startup
[6.582s] [ext: isaacsim.test.docstring-1.1.0] startup
[6.595s] [ext: omni.replicator.core-1.12.27] startup
2026-10-02T09:52:48Z [6,728ms] [Warning] [omni.graph.core.plugin] Found duplicate of category 'Replicator' - was 'Annotators', adding 'Fabric Reader'
2026-10-02T09:52:48Z [6,728ms] [Warning] [omni.graph.core.plugin] Category 'Replicator' not accepted on node type 'omni.replicator.core.FabricReader' in extension 'omni.replicator.core'
2026-10-02T09:52:48Z [6,729ms] [Warning] [omni.replicator.core.scripts.extension] No material configuration file, adding configuration to material settings directly.
[6.767s] [ext: isaacsim.core.api-4.8.0] startup
[6.797s] [ext: isaacsim.core.experimental.prims-0.8.1] startup
[6.861s] [ext: isaacsim.core.nodes-3.4.3] startup
[6.877s] [ext: isaacsim.robot.surface_gripper-3.3.1] startup
[6.891s] [ext: isaacsim.util.debug_draw-3.1.0] startup
[6.908s] [ext: omni.sensors.nv.common-3.0.0] startup
[6.940s] [ext: isaacsim.robot.manipulators-3.3.6] startup
[6.984s] [ext: isaacsim.sensors.physx-2.3.2] startup
[7.005s] [ext: omni.sensors.nv.materials-2.0.0] startup
[7.013s] [ext: omni.sensors.net-1.0.0] startup
[7.022s] [ext: isaacsim.app.about-2.0.11] startup
[7.033s] [ext: isaacsim.simulation_app-2.12.2] startup
[7.035s] [ext: omni.sensors.nv.ids-2.0.0] startup
[7.047s] [ext: omni.sensors.nv.lidar-3.0.0] startup
[7.065s] [ext: omni.kit.property.audio-1.0.16] startup
[7.072s] [ext: omni.kit.property.camera-1.0.10] startup
[7.079s] [ext: omni.kit.property.geometry-2.0.4] startup
[7.091s] [ext: omni.hydra.scene_api-0.1.2] startup
[7.101s] [ext: omni.kit.property.light-1.0.12] startup
[7.124s] [ext: omni.sensors.nv.wpm-3.0.0] startup
[7.128s] [ext: omni.kit.selection-0.1.6] startup
[7.131s] [ext: omni.kit.property.material-1.11.9] startup
[7.233s] [ext: omni.kit.property.transform-1.5.13] startup
[7.309s] [ext: omni.kit.property.render-1.2.1] startup
[7.331s] [ext: omni.sensors.nv.radar-3.0.0] startup
[7.341s] [ext: isaacsim.gui.menu-2.4.4] startup
[7.578s] [ext: omni.kit.manipulator.camera-106.0.4] startup
[7.712s] [ext: isaacsim.gui.property-1.1.3] startup
[7.721s] [ext: omni.kit.property.bundle-1.4.1] startup
[7.727s] [ext: isaacsim.sensors.rtx-15.8.4] startup
[7.745s] [ext: isaacsim.sensors.physics-0.4.3] startup
[7.765s] [ext: omni.kit.viewport.menubar.camera-107.0.6] startup
[7.789s] [ext: omni.kit.viewport.menubar.lighting-107.3.1] startup
[7.816s] [ext: omni.kit.viewport.menubar.settings-107.0.3] startup
[7.824s] [ext: omni.kit.viewport.menubar.render-107.0.10] startup
[7.830s] [ext: isaacsim.robot.policy.examples-4.1.11] startup
[7.833s] [ext: isaacsim.asset.importer.mjcf-2.5.13] startup
[7.843s] [ext: omni.kit.window.console-1.1.4] startup
[7.853s] [ext: omni.rtx.window.settings-0.6.19] startup
[7.862s] [ext: omni.ocio-0.1.1] startup
[7.866s] [ext: omni.physx.demos-107.3.26] startup
[7.892s] [ext: omni.kit.property.physx-107.3.26] startup
[7.935s] [ext: omni.replicator.replicator_yaml-2.0.11] startup
[7.945s] [ext: omni.asset_validator.core-1.1.6] startup
[8.027s] [ext: omni.rtx.settings.core-0.6.5] startup
[8.037s] [ext: omni.physx.vehicle-107.3.26] startup
[8.069s] [ext: omni.usd.metrics.assembler.ui-107.3.1] startup
[8.088s] [ext: omni.kit.window.script_editor-2.0.1] startup
[8.094s] [ext: isaacsim.robot.wheeled_robots-4.0.24] startup
[8.103s] [ext: omni.physx.asset_validator-107.3.26] startup
[8.115s] [ext: omni.kit.window.toolbar-2.0.0] startup
[8.125s] [ext: omni.physx.camera-107.3.26] startup
[8.144s] [ext: omni.anim.curve.core-1.3.1] startup
[8.167s] [ext: omni.physx.cct-107.3.26] startup
[8.193s] [ext: omni.physx.graph-107.3.26] startup
[8.223s] [ext: omni.physx.supportui-107.3.26] startup
[8.246s] [ext: omni.physx.telemetry-107.3.26] startup
[8.251s] [ext: isaaclab-0.54.3] startup
[8.562s] [ext: isaaclab_contrib-0.0.2] startup
[8.565s] [ext: isaacsim.core.throttling-2.2.2] startup
[8.568s] [ext: omni.kit.ui.actions-1.0.5] startup
[8.572s] [ext: semantics.schema.property-2.0.1] startup
[8.576s] [ext: omni.physx.bundle-107.3.26] startup
[8.578s] [ext: isaacsim.sensors.camera-1.3.6] startup
[8.587s] [ext: isaaclab_assets-0.2.4] startup
[8.955s] [ext: isaaclab_tasks-0.11.14] startup
[9.181s] [ext: omni.kit.menu.common-2.0.1] startup
[9.186s] [ext: isaaclab_rl-0.5.0] startup
[9.189s] [ext: isaaclab_mimic-1.0.16] startup
[9.190s] [ext: isaaclab.python-2.3.2] startup
[9.196s] Simulation App Starting
2026-10-02T09:52:51Z [9,250ms] [Warning] [omni.kvdb.plugin] Disabling key-value database because another kit process is locking it
2026-10-02T09:52:51Z [9,256ms] [Warning] [carb.audio.device] audio device is misconfigured or broken {deviceIndex = 0, name = 'default'} (The device is likely misconfigured, check your $HOME/.asoundrc)
2026-10-02T09:52:51Z [9,256ms] [Warning] [carb.audio.output] failed to retrieve the capabilities for device 0 {result = eDeviceLost (2)}
2026-10-02T09:52:51Z [9,256ms] [Warning] [carb.audio.context] failed to set the requested output during context creation.  Using a null streamer instead {result = eDeviceLost (2)}
2026-10-02T09:52:51Z [9,287ms] [Warning] [omni.fabric.plugin] Warning: attribute viewportHandle not found for bucket id 9

[9.385s] app ready
2026-10-02T09:52:52Z [10,092ms] [Warning] [carb.graphics-vulkan.plugin] NGX DLSS Frame Generation Feature AdapterUnsupported
[12.349s] Simulation App Startup Complete
[main] resuming from manifest eval_result/RoboDojo/sort_nesting_dolls_by_size/Pi_05/arx_x5/0_ckpt_name=sim,action_type=joint/_resume_sz3_pi05_official_6300_n4_dual_20260929_r2_s0_sort_nesting_dolls_by_size.json (success=2 fail=22 completed=24 abandoned=0 restart_count=0)
[EvalEnv][resume] save_dir=eval_result/RoboDojo/sort_nesting_dolls_by_size/Pi_05/arx_x5/0_ckpt_name=sim,action_type=joint/sz3_pi05_official_6300_n4_dual_20260929_r2_s0_sort_nesting_dolls_by_size success=2 fail=22 completed=24 abandoned=0
[SeedManager] init_eval resume filter: excluded=24 remaining=6/30
[34m[1m[CONNECTING][0m websocket policy server ws://127.0.0.1:63163 (attempt 1/180, timeout=30s)
[32m[1m[CONNECTED][0m websocket policy server connected: ws://127.0.0.1:63163
[INFO]: Parsing configuration from: env.environment.isaac.isaac_rl_env:IsaacRLEnvCfg

[36m==============================================================================================================================[0m
[36m[1m[INFO][IsaacLab]: Logging to file: /home/researcher/cache/dojo-sz1-20261001/tmp/isaaclab/logs/isaaclab_2026-10-02_09-53-21.log[0m
[36m==============================================================================================================================[0m

[33m09:53:21 [simulation_context.py] WARNING: The `enable_external_forces_every_iteration` parameter in the PhysxCfg is set to False. If you are experiencing noisy velocities, consider enabling this flag. You may need to slightly increase the number of velocity iterations (setting it to 1 or 2 rather than 0), together with this flag, to improve the accuracy of velocity updates.[0m
[INFO]: Base environment:
	Environment device    : cpu
	Environment seed      : 24
	Physics step-size     : 0.004
	Rendering step-size   : 0.04
	Environment step-size : 0.004
2026-10-02T09:53:21Z [39,589ms] [Warning] [env.scene_manager.objects.background] `/omni/replicator/RTSubframes` must be > 3 to avoid blank textures while randomizing dome light texture. RTSubframes has been automatically increased from None to 3
2026-10-02T09:53:21Z [39,752ms] [Warning] [isaacsim.sensors.camera.camera] 'verticalAperture' (1.5290800094604493) and 'horizontalAperture' (2.0954999923706055) are inconsistent with the pixel resolution aspect ratio (1.3333333333333333). Setting 'verticalAperture' to 1.571624994277954 to ensure square pixels.
2026-10-02T09:53:21Z [39,767ms] [Warning] [isaacsim.sensors.camera.camera] 'verticalAperture' (1.5290800094604493) and 'horizontalAperture' (2.0954999923706055) are inconsistent with the pixel resolution aspect ratio (1.3333333333333333). Setting 'verticalAperture' to 1.571624994277954 to ensure square pixels.
2026-10-02T09:53:22Z [39,777ms] [Warning] [isaacsim.sensors.camera.camera] 'verticalAperture' (1.5290800094604493) and 'horizontalAperture' (2.0954999923706055) are inconsistent with the pixel resolution aspect ratio (1.3333333333333333). Setting 'verticalAperture' to 1.571624994277954 to ensure square pixels.
2026-10-02T09:53:22Z [39,790ms] [Warning] [isaacsim.sensors.camera.camera] 'verticalAperture' (1.5290800094604493) and 'horizontalAperture' (2.0954999923706055) are inconsistent with the pixel resolution aspect ratio (1.3333333333333333). Setting 'verticalAperture' to 1.571624994277954 to ensure square pixels.
2026-10-02T09:53:22Z [39,800ms] [Warning] [isaacsim.sensors.camera.camera] 'verticalAperture' (1.5290800094604493) and 'horizontalAperture' (2.0954999923706055) are inconsistent with the pixel resolution aspect ratio (1.3333333333333333). Setting 'verticalAperture' to 1.571624994277954 to ensure square pixels.
2026-10-02T09:53:22Z [39,809ms] [Warning] [isaacsim.sensors.camera.camera] 'verticalAperture' (1.5290800094604493) and 'horizontalAperture' (2.0954999923706055) are inconsistent with the pixel resolution aspect ratio (1.3333333333333333). Setting 'verticalAperture' to 1.571624994277954 to ensure square pixels.
2026-10-02T09:53:22Z [39,822ms] [Warning] [isaacsim.sensors.camera.camera] 'verticalAperture' (1.5290800094604493) and 'horizontalAperture' (2.0954999923706055) are inconsistent with the pixel resolution aspect ratio (1.3333333333333333). Setting 'verticalAperture' to 1.571624994277954 to ensure square pixels.
2026-10-02T09:53:22Z [39,832ms] [Warning] [isaacsim.sensors.camera.camera] 'verticalAperture' (1.5290800094604493) and 'horizontalAperture' (2.0954999923706055) are inconsistent with the pixel resolution aspect ratio (1.3333333333333333). Setting 'verticalAperture' to 1.571624994277954 to ensure square pixels.
2026-10-02T09:53:22Z [39,842ms] [Warning] [isaacsim.sensors.camera.camera] 'verticalAperture' (1.5290800094604493) and 'horizontalAperture' (2.0954999923706055) are inconsistent with the pixel resolution aspect ratio (1.3333333333333333). Setting 'verticalAperture' to 1.571624994277954 to ensure square pixels.
2026-10-02T09:53:22Z [39,856ms] [Warning] [isaacsim.sensors.camera.camera] 'verticalAperture' (1.5290800094604493) and 'horizontalAperture' (2.0954999923706055) are inconsistent with the pixel resolution aspect ratio (1.3333333333333333). Setting 'verticalAperture' to 1.571624994277954 to ensure square pixels.
2026-10-02T09:53:22Z [39,867ms] [Warning] [isaacsim.sensors.camera.camera] 'verticalAperture' (1.5290800094604493) and 'horizontalAperture' (2.0954999923706055) are inconsistent with the pixel resolution aspect ratio (1.3333333333333333). Setting 'verticalAperture' to 1.571624994277954 to ensure square pixels.
2026-10-02T09:53:22Z [39,877ms] [Warning] [isaacsim.sensors.camera.camera] 'verticalAperture' (1.5290800094604493) and 'horizontalAperture' (2.0954999923706055) are inconsistent with the pixel resolution aspect ratio (1.3333333333333333). Setting 'verticalAperture' to 1.571624994277954 to ensure square pixels.
[INFO]: Time taken for scene creation : 0.559213 seconds
[INFO]: Scene manager:  <class InteractiveScene>
	Number of environments: 4
	Environment spacing   : 7
	Source prim name      : /World/envs/env_0
	Global prim paths     : []
	Replicate physics     : False
[INFO]: Starting the simulation. This may take a few seconds. Please wait...
2026-10-02T09:53:22Z [39,894ms] [Warning] [omni.usd] Warning: in _ReportErrors at line 3172 of /builds/omniverse/usd-ci/USD/pxr/usd/usd/stage.cpp -- In </World/envs/env_0/robot0/camera/visuals/camera/World/mesh.material:binding>: The relationship target </OmniKit_Viewport_LightRig/Looks/Ground_Material> from </X5A/camera/visuals/camera/World/mesh.material:binding> in layer @/srv/dojo/RoboDojo/Assets/Robots/x5/ARX.usd@ refers to a path outside the scope of the reference from </World/envs/env_0/robot0>.  Ignoring. (getting targets for relationship </World/envs/env_0/robot0/camera/visuals/camera/World/mesh.material:binding> on stage @anon:0x55d5d92aad50:World0.usd@ <0x55d5d92ac2d0>)

2026-10-02T09:53:22Z [39,901ms] [Warning] [omni.usd] Warning: in _ReportErrors at line 3172 of /builds/omniverse/usd-ci/USD/pxr/usd/usd/stage.cpp -- In </World/envs/env_0/robot1/camera/visuals/camera/World/mesh.material:binding>: The relationship target </OmniKit_Viewport_LightRig/Looks/Ground_Material> from </X5A/camera/visuals/camera/World/mesh.material:binding> in layer @/srv/dojo/RoboDojo/Assets/Robots/x5/ARX.usd@ refers to a path outside the scope of the reference from </World/envs/env_0/robot1>.  Ignoring. (getting targets for relationship </World/envs/env_0/robot1/camera/visuals/camera/World/mesh.material:binding> on stage @anon:0x55d5d92aad50:World0.usd@ <0x55d5d92ac2d0>)

2026-10-02T09:53:22Z [39,907ms] [Warning] [omni.usd] Warning: in _ReportErrors at line 3172 of /builds/omniverse/usd-ci/USD/pxr/usd/usd/stage.cpp -- In </World/envs/env_1/robot0/camera/visuals/camera/World/mesh.material:binding>: The relationship target </OmniKit_Viewport_LightRig/Looks/Ground_Material> from </X5A/camera/visuals/camera/World/mesh.material:binding> in layer @/srv/dojo/RoboDojo/Assets/Robots/x5/ARX.usd@ refers to a path outside the scope of the reference from </World/envs/env_1/robot0>.  Ignoring. (getting targets for relationship </World/envs/env_1/robot0/camera/visuals/camera/World/mesh.material:binding> on stage @anon:0x55d5d92aad50:World0.usd@ <0x55d5d92ac2d0>)

2026-10-02T09:53:22Z [39,917ms] [Warning] [omni.usd] Warning: in _ReportErrors at line 3172 of /builds/omniverse/usd-ci/USD/pxr/usd/usd/stage.cpp -- In </World/envs/env_1/robot1/camera/visuals/camera/World/mesh.material:binding>: The relationship target </OmniKit_Viewport_LightRig/Looks/Ground_Material> from </X5A/camera/visuals/camera/World/mesh.material:binding> in layer @/srv/dojo/RoboDojo/Assets/Robots/x5/ARX.usd@ refers to a path outside the scope of the reference from </World/envs/env_1/robot1>.  Ignoring. (getting targets for relationship </World/envs/env_1/robot1/camera/visuals/camera/World/mesh.material:binding> on stage @anon:0x55d5d92aad50:World0.usd@ <0x55d5d92ac2d0>)

2026-10-02T09:53:22Z [39,924ms] [Warning] [omni.usd] Warning: in _ReportErrors at line 3172 of /builds/omniverse/usd-ci/USD/pxr/usd/usd/stage.cpp -- In </World/envs/env_2/robot0/camera/visuals/camera/World/mesh.material:binding>: The relationship target </OmniKit_Viewport_LightRig/Looks/Ground_Material> from </X5A/camera/visuals/camera/World/mesh.material:binding> in layer @/srv/dojo/RoboDojo/Assets/Robots/x5/ARX.usd@ refers to a path outside the scope of the reference from </World/envs/env_2/robot0>.  Ignoring. (getting targets for relationship </World/envs/env_2/robot0/camera/visuals/camera/World/mesh.material:binding> on stage @anon:0x55d5d92aad50:World0.usd@ <0x55d5d92ac2d0>)

2026-10-02T09:53:22Z [39,932ms] [Warning] [omni.usd] Warning: in _ReportErrors at line 3172 of /builds/omniverse/usd-ci/USD/pxr/usd/usd/stage.cpp -- In </World/envs/env_2/robot1/camera/visuals/camera/World/mesh.material:binding>: The relationship target </OmniKit_Viewport_LightRig/Looks/Ground_Material> from </X5A/camera/visuals/camera/World/mesh.material:binding> in layer @/srv/dojo/RoboDojo/Assets/Robots/x5/ARX.usd@ refers to a path outside the scope of the reference from </World/envs/env_2/robot1>.  Ignoring. (getting targets for relationship </World/envs/env_2/robot1/camera/visuals/camera/World/mesh.material:binding> on stage @anon:0x55d5d92aad50:World0.usd@ <0x55d5d92ac2d0>)

2026-10-02T09:53:22Z [39,944ms] [Warning] [omni.usd] Warning: in _ReportErrors at line 3172 of /builds/omniverse/usd-ci/USD/pxr/usd/usd/stage.cpp -- In </World/envs/env_3/robot0/camera/visuals/camera/World/mesh.material:binding>: The relationship target </OmniKit_Viewport_LightRig/Looks/Ground_Material> from </X5A/camera/visuals/camera/World/mesh.material:binding> in layer @/srv/dojo/RoboDojo/Assets/Robots/x5/ARX.usd@ refers to a path outside the scope of the reference from </World/envs/env_3/robot0>.  Ignoring. (getting targets for relationship </World/envs/env_3/robot0/camera/visuals/camera/World/mesh.material:binding> on stage @anon:0x55d5d92aad50:World0.usd@ <0x55d5d92ac2d0>)

2026-10-02T09:53:22Z [39,953ms] [Warning] [omni.usd] Warning: in _ReportErrors at line 3172 of /builds/omniverse/usd-ci/USD/pxr/usd/usd/stage.cpp -- In </World/envs/env_3/robot1/camera/visuals/camera/World/mesh.material:binding>: The relationship target </OmniKit_Viewport_LightRig/Looks/Ground_Material> from </X5A/camera/visuals/camera/World/mesh.material:binding> in layer @/srv/dojo/RoboDojo/Assets/Robots/x5/ARX.usd@ refers to a path outside the scope of the reference from </World/envs/env_3/robot1>.  Ignoring. (getting targets for relationship </World/envs/env_3/robot1/camera/visuals/camera/World/mesh.material:binding> on stage @anon:0x55d5d92aad50:World0.usd@ <0x55d5d92ac2d0>)

2026-10-02T09:53:22Z [40,622ms] [Warning] [omni.usd] Warning: in _ReportErrors at line 3172 of /builds/omniverse/usd-ci/USD/pxr/usd/usd/stage.cpp -- In </World/envs/env_0/robot0/camera/visuals/camera/World/mesh.material:binding>: The relationship target </OmniKit_Viewport_LightRig/Looks/Ground_Material> from </X5A/camera/visuals/camera/World/mesh.material:binding> in layer @/srv/dojo/RoboDojo/Assets/Robots/x5/ARX.usd@ refers to a path outside the scope of the reference from </World/envs/env_0/robot0>.  Ignoring. (getting targets for relationship </World/envs/env_0/robot0/camera/visuals/camera/World/mesh.material:binding> on stage @anon:0x55d5d92aad50:World0.usd@ <0x55d5d92ac2d0>)

2026-10-02T09:53:22Z [40,623ms] [Warning] [omni.usd] Warning: in _ReportErrors at line 3172 of /builds/omniverse/usd-ci/USD/pxr/usd/usd/stage.cpp -- In </World/envs/env_0/robot1/camera/visuals/camera/World/mesh.material:binding>: The relationship target </OmniKit_Viewport_LightRig/Looks/Ground_Material> from </X5A/camera/visuals/camera/World/mesh.material:binding> in layer @/srv/dojo/RoboDojo/Assets/Robots/x5/ARX.usd@ refers to a path outside the scope of the reference from </World/envs/env_0/robot1>.  Ignoring. (getting targets for relationship </World/envs/env_0/robot1/camera/visuals/camera/World/mesh.material:binding> on stage @anon:0x55d5d92aad50:World0.usd@ <0x55d5d92ac2d0>)

2026-10-02T09:53:22Z [40,623ms] [Warning] [omni.usd] Warning: in _ReportErrors at line 3172 of /builds/omniverse/usd-ci/USD/pxr/usd/usd/stage.cpp -- In </World/envs/env_1/robot0/camera/visuals/camera/World/mesh.material:binding>: The relationship target </OmniKit_Viewport_LightRig/Looks/Ground_Material> from </X5A/camera/visuals/camera/World/mesh.material:binding> in layer @/srv/dojo/RoboDojo/Assets/Robots/x5/ARX.usd@ refers to a path outside the scope of the reference from </World/envs/env_1/robot0>.  Ignoring. (getting targets for relationship </World/envs/env_1/robot0/camera/visuals/camera/World/mesh.material:binding> on stage @anon:0x55d5d92aad50:World0.usd@ <0x55d5d92ac2d0>)

2026-10-02T09:53:22Z [40,623ms] [Warning] [omni.usd] Warning: in _ReportErrors at line 3172 of /builds/omniverse/usd-ci/USD/pxr/usd/usd/stage.cpp -- In </World/envs/env_1/robot1/camera/visuals/camera/World/mesh.material:binding>: The relationship target </OmniKit_Viewport_LightRig/Looks/Ground_Material> from </X5A/camera/visuals/camera/World/mesh.material:binding> in layer @/srv/dojo/RoboDojo/Assets/Robots/x5/ARX.usd@ refers to a path outside the scope of the reference from </World/envs/env_1/robot1>.  Ignoring. (getting targets for relationship </World/envs/env_1/robot1/camera/visuals/camera/World/mesh.material:binding> on stage @anon:0x55d5d92aad50:World0.usd@ <0x55d5d92ac2d0>)

2026-10-02T09:53:22Z [40,623ms] [Warning] [omni.usd] Warning: in _ReportErrors at line 3172 of /builds/omniverse/usd-ci/USD/pxr/usd/usd/stage.cpp -- In </World/envs/env_2/robot0/camera/visuals/camera/World/mesh.material:binding>: The relationship target </OmniKit_Viewport_LightRig/Looks/Ground_Material> from </X5A/camera/visuals/camera/World/mesh.material:binding> in layer @/srv/dojo/RoboDojo/Assets/Robots/x5/ARX.usd@ refers to a path outside the scope of the reference from </World/envs/env_2/robot0>.  Ignoring. (getting targets for relationship </World/envs/env_2/robot0/camera/visuals/camera/World/mesh.material:binding> on stage @anon:0x55d5d92aad50:World0.usd@ <0x55d5d92ac2d0>)

2026-10-02T09:53:22Z [40,623ms] [Warning] [omni.usd] Warning: in _ReportErrors at line 3172 of /builds/omniverse/usd-ci/USD/pxr/usd/usd/stage.cpp -- In </World/envs/env_2/robot1/camera/visuals/camera/World/mesh.material:binding>: The relationship target </OmniKit_Viewport_LightRig/Looks/Ground_Material> from </X5A/camera/visuals/camera/World/mesh.material:binding> in layer @/srv/dojo/RoboDojo/Assets/Robots/x5/ARX.usd@ refers to a path outside the scope of the reference from </World/envs/env_2/robot1>.  Ignoring. (getting targets for relationship </World/envs/env_2/robot1/camera/visuals/camera/World/mesh.material:binding> on stage @anon:0x55d5d92aad50:World0.usd@ <0x55d5d92ac2d0>)

2026-10-02T09:53:22Z [40,624ms] [Warning] [omni.usd] Warning: in _ReportErrors at line 3172 of /builds/omniverse/usd-ci/USD/pxr/usd/usd/stage.cpp -- In </World/envs/env_3/robot0/camera/visuals/camera/World/mesh.material:binding>: The relationship target </OmniKit_Viewport_LightRig/Looks/Ground_Material> from </X5A/camera/visuals/camera/World/mesh.material:binding> in layer @/srv/dojo/RoboDojo/Assets/Robots/x5/ARX.usd@ refers to a path outside the scope of the reference from </World/envs/env_3/robot0>.  Ignoring. (getting targets for relationship </World/envs/env_3/robot0/camera/visuals/camera/World/mesh.material:binding> on stage @anon:0x55d5d92aad50:World0.usd@ <0x55d5d92ac2d0>)

2026-10-02T09:53:22Z [40,624ms] [Warning] [omni.usd] Warning: in _ReportErrors at line 3172 of /builds/omniverse/usd-ci/USD/pxr/usd/usd/stage.cpp -- In </World/envs/env_3/robot1/camera/visuals/camera/World/mesh.material:binding>: The relationship target </OmniKit_Viewport_LightRig/Looks/Ground_Material> from </X5A/camera/visuals/camera/World/mesh.material:binding> in layer @/srv/dojo/RoboDojo/Assets/Robots/x5/ARX.usd@ refers to a path outside the scope of the reference from </World/envs/env_3/robot1>.  Ignoring. (getting targets for relationship </World/envs/env_3/robot1/camera/visuals/camera/World/mesh.material:binding> on stage @anon:0x55d5d92aad50:World0.usd@ <0x55d5d92ac2d0>)

2026-10-02T09:53:22Z [40,627ms] [Warning] [omni.usd] Warning (secondary thread): in _ReportErrors at line 3172 of /builds/omniverse/usd-ci/USD/pxr/usd/usd/stage.cpp -- In </World/envs/env_0/robot0/link3/visuals/link3/node_STL_BINARY_/mesh.material:binding>: The relationship target </Flattened_Prototype_9/camera/World/Looks/ID10> from </X5A/link3/visuals/link3/node_STL_BINARY_/mesh.material:binding> in layer @/srv/dojo/RoboDojo/Assets/Robots/x5/ARX.usd@ refers to a path outside the scope of the reference from </World/envs/env_0/robot0>.  Ignoring. (getting targets for relationship </World/envs/env_0/robot0/link3/visuals/link3/node_STL_BINARY_/mesh.material:binding> on stage @anon:0x55d5d92aad50:World0.usd@ <0x55d5d92ac2d0>)

2026-10-02T09:53:22Z [40,627ms] [Warning] [omni.usd] Warning (secondary thread): in _ReportErrors at line 3172 of /builds/omniverse/usd-ci/USD/pxr/usd/usd/stage.cpp -- In </World/envs/env_0/robot0/camera/visuals/camera/World/mesh.material:binding>: The relationship target </OmniKit_Viewport_LightRig/Looks/Ground_Material> from </X5A/camera/visuals/camera/World/mesh.material:binding> in layer @/srv/dojo/RoboDojo/Assets/Robots/x5/ARX.usd@ refers to a path outside the scope of the reference from </World/envs/env_0/robot0>.  Ignoring. (getting targets for relationship </World/envs/env_0/robot0/camera/visuals/camera/World/mesh.material:binding> on stage @anon:0x55d5d92aad50:World0.usd@ <0x55d5d92ac2d0>)

2026-10-02T09:53:22Z [40,627ms] [Warning] [omni.usd] Warning (secondary thread): in _ReportErrors at line 3172 of /builds/omniverse/usd-ci/USD/pxr/usd/usd/stage.cpp -- In </World/envs/env_0/robot1/link3/visuals/link3/node_STL_BINARY_/mesh.material:binding>: The relationship target </Flattened_Prototype_9/camera/World/Looks/ID10> from </X5A/link3/visuals/link3/node_STL_BINARY_/mesh.material:binding> in layer @/srv/dojo/RoboDojo/Assets/Robots/x5/ARX.usd@ refers to a path outside the scope of the reference from </World/envs/env_0/robot1>.  Ignoring. (getting targets for relationship </World/envs/env_0/robot1/link3/visuals/link3/node_STL_BINARY_/mesh.material:binding> on stage @anon:0x55d5d92aad50:World0.usd@ <0x55d5d92ac2d0>)

2026-10-02T09:53:22Z [40,628ms] [Warning] [omni.usd] Warning (secondary thread): in _ReportErrors at line 3172 of /builds/omniverse/usd-ci/USD/pxr/usd/usd/stage.cpp -- In </World/envs/env_0/robot1/camera/visuals/camera/World/mesh.material:binding>: The relationship target </OmniKit_Viewport_LightRig/Looks/Ground_Material> from </X5A/camera/visuals/camera/World/mesh.material:binding> in layer @/srv/dojo/RoboDojo/Assets/Robots/x5/ARX.usd@ refers to a path outside the scope of the reference from </World/envs/env_0/robot1>.  Ignoring. (getting targets for relationship </World/envs/env_0/robot1/camera/visuals/camera/World/mesh.material:binding> on stage @anon:0x55d5d92aad50:World0.usd@ <0x55d5d92ac2d0>)

2026-10-02T09:53:22Z [40,628ms] [Warning] [omni.usd] Warning (secondary thread): in _ReportErrors at line 3172 of /builds/omniverse/usd-ci/USD/pxr/usd/usd/stage.cpp -- In </World/envs/env_2/robot0/camera/visuals/camera/World/mesh.material:binding>: The relationship target </OmniKit_Viewport_LightRig/Looks/Ground_Material> from </X5A/camera/visuals/camera/World/mesh.material:binding> in layer @/srv/dojo/RoboDojo/Assets/Robots/x5/ARX.usd@ refers to a path outside the scope of the reference from </World/envs/env_2/robot0>.  Ignoring. (getting targets for relationship </World/envs/env_2/robot0/camera/visuals/camera/World/mesh.material:binding> on stage @anon:0x55d5d92aad50:World0.usd@ <0x55d5d92ac2d0>)

2026-10-02T09:53:22Z [40,628ms] [Warning] [omni.usd] Warning (secondary thread): in _ReportErrors at line 3172 of /builds/omniverse/usd-ci/USD/pxr/usd/usd/stage.cpp -- In </World/envs/env_1/robot0/camera/visuals/camera/World/mesh.material:binding>: The relationship target </OmniKit_Viewport_LightRig/Looks/Ground_Material> from </X5A/camera/visuals/camera/World/mesh.material:binding> in layer @/srv/dojo/RoboDojo/Assets/Robots/x5/ARX.usd@ refers to a path outside the scope of the reference from </World/envs/env_1/robot0>.  Ignoring. (getting targets for relationship </World/envs/env_1/robot0/camera/visuals/camera/World/mesh.material:binding> on stage @anon:0x55d5d92aad50:World0.usd@ <0x55d5d92ac2d0>)

2026-10-02T09:53:22Z [40,628ms] [Warning] [omni.usd] Warning (secondary thread): in _ReportErrors at line 3172 of /builds/omniverse/usd-ci/USD/pxr/usd/usd/stage.cpp -- In </World/envs/env_3/robot1/camera/visuals/camera/World/mesh.material:binding>: The relationship target </OmniKit_Viewport_LightRig/Looks/Ground_Material> from </X5A/camera/visuals/camera/World/mesh.material:binding> in layer @/srv/dojo/RoboDojo/Assets/Robots/x5/ARX.usd@ refers to a path outside the scope of the reference from </World/envs/env_3/robot1>.  Ignoring. (getting targets for relationship </World/envs/env_3/robot1/camera/visuals/camera/World/mesh.material:binding> on stage @anon:0x55d5d92aad50:World0.usd@ <0x55d5d92ac2d0>)

2026-10-02T09:53:22Z [40,629ms] [Warning] [omni.usd] Warning (secondary thread): in _ReportErrors at line 3172 of /builds/omniverse/usd-ci/USD/pxr/usd/usd/stage.cpp -- In </World/envs/env_3/robot1/link3/visuals/link3/node_STL_BINARY_/mesh.material:binding>: The relationship target </Flattened_Prototype_9/camera/World/Looks/ID10> from </X5A/link3/visuals/link3/node_STL_BINARY_/mesh.material:binding> in layer @/srv/dojo/RoboDojo/Assets/Robots/x5/ARX.usd@ refers to a path outside the scope of the reference from </World/envs/env_3/robot1>.  Ignoring. (getting targets for relationship </World/envs/env_3/robot1/link3/visuals/link3/node_STL_BINARY_/mesh.material:binding> on stage @anon:0x55d5d92aad50:World0.usd@ <0x55d5d92ac2d0>)

2026-10-02T09:53:22Z [40,629ms] [Warning] [omni.usd] Warning (secondary thread): in _ReportErrors at line 3172 of /builds/omniverse/usd-ci/USD/pxr/usd/usd/stage.cpp -- In </World/envs/env_1/robot1/camera/visuals/camera/World/mesh.material:binding>: The relationship target </OmniKit_Viewport_LightRig/Looks/Ground_Material> from </X5A/camera/visuals/camera/World/mesh.material:binding> in layer @/srv/dojo/RoboDojo/Assets/Robots/x5/ARX.usd@ refers to a path outside the scope of the reference from </World/envs/env_1/robot1>.  Ignoring. (getting targets for relationship </World/envs/env_1/robot1/camera/visuals/camera/World/mesh.material:binding> on stage @anon:0x55d5d92aad50:World0.usd@ <0x55d5d92ac2d0>)

2026-10-02T09:53:22Z [40,629ms] [Warning] [omni.usd] Warning (secondary thread): in _ReportErrors at line 3172 of /builds/omniverse/usd-ci/USD/pxr/usd/usd/stage.cpp -- In </World/envs/env_1/robot0/link3/visuals/link3/node_STL_BINARY_/mesh.material:binding>: The relationship target </Flattened_Prototype_9/camera/World/Looks/ID10> from </X5A/link3/visuals/link3/node_STL_BINARY_/mesh.material:binding> in layer @/srv/dojo/RoboDojo/Assets/Robots/x5/ARX.usd@ refers to a path outside the scope of the reference from </World/envs/env_1/robot0>.  Ignoring. (getting targets for relationship </World/envs/env_1/robot0/link3/visuals/link3/node_STL_BINARY_/mesh.material:binding> on stage @anon:0x55d5d92aad50:World0.usd@ <0x55d5d92ac2d0>)

2026-10-02T09:53:22Z [40,629ms] [Warning] [omni.usd] Warning (secondary thread): in _ReportErrors at line 3172 of /builds/omniverse/usd-ci/USD/pxr/usd/usd/stage.cpp -- In </World/envs/env_1/robot1/link3/visuals/link3/node_STL_BINARY_/mesh.material:binding>: The relationship target </Flattened_Prototype_9/camera/World/Looks/ID10> from </X5A/link3/visuals/link3/node_STL_BINARY_/mesh.material:binding> in layer @/srv/dojo/RoboDojo/Assets/Robots/x5/ARX.usd@ refers to a path outside the scope of the reference from </World/envs/env_1/robot1>.  Ignoring. (getting targets for relationship </World/envs/env_1/robot1/link3/visuals/link3/node_STL_BINARY_/mesh.material:binding> on stage @anon:0x55d5d92aad50:World0.usd@ <0x55d5d92ac2d0>)

2026-10-02T09:53:22Z [40,629ms] [Warning] [omni.usd] Warning (secondary thread): in _ReportErrors at line 3172 of /builds/omniverse/usd-ci/USD/pxr/usd/usd/stage.cpp -- In </World/envs/env_2/robot1/camera/visuals/camera/World/mesh.material:binding>: The relationship target </OmniKit_Viewport_LightRig/Looks/Ground_Material> from </X5A/camera/visuals/camera/World/mesh.material:binding> in layer @/srv/dojo/RoboDojo/Assets/Robots/x5/ARX.usd@ refers to a path outside the scope of the reference from </World/envs/env_2/robot1>.  Ignoring. (getting targets for relationship </World/envs/env_2/robot1/camera/visuals/camera/World/mesh.material:binding> on stage @anon:0x55d5d92aad50:World0.usd@ <0x55d5d92ac2d0>)

2026-10-02T09:53:22Z [40,630ms] [Warning] [omni.usd] Warning (secondary thread): in _ReportErrors at line 3172 of /builds/omniverse/usd-ci/USD/pxr/usd/usd/stage.cpp -- In </World/envs/env_3/robot0/camera/visuals/camera/World/mesh.material:binding>: The relationship target </OmniKit_Viewport_LightRig/Looks/Ground_Material> from </X5A/camera/visuals/camera/World/mesh.material:binding> in layer @/srv/dojo/RoboDojo/Assets/Robots/x5/ARX.usd@ refers to a path outside the scope of the reference from </World/envs/env_3/robot0>.  Ignoring. (getting targets for relationship </World/envs/env_3/robot0/camera/visuals/camera/World/mesh.material:binding> on stage @anon:0x55d5d92aad50:World0.usd@ <0x55d5d92ac2d0>)

2026-10-02T09:53:22Z [40,630ms] [Warning] [omni.usd] Warning (secondary thread): in _ReportErrors at line 3172 of /builds/omniverse/usd-ci/USD/pxr/usd/usd/stage.cpp -- In </World/envs/env_2/robot0/link3/visuals/link3/node_STL_BINARY_/mesh.material:binding>: The relationship target </Flattened_Prototype_9/camera/World/Looks/ID10> from </X5A/link3/visuals/link3/node_STL_BINARY_/mesh.material:binding> in layer @/srv/dojo/RoboDojo/Assets/Robots/x5/ARX.usd@ refers to a path outside the scope of the reference from </World/envs/env_2/robot0>.  Ignoring. (getting targets for relationship </World/envs/env_2/robot0/link3/visuals/link3/node_STL_BINARY_/mesh.material:binding> on stage @anon:0x55d5d92aad50:World0.usd@ <0x55d5d92ac2d0>)

2026-10-02T09:53:22Z [40,630ms] [Warning] [omni.usd] Warning (secondary thread): in _ReportErrors at line 3172 of /builds/omniverse/usd-ci/USD/pxr/usd/usd/stage.cpp -- In </World/envs/env_3/robot0/link3/visuals/link3/node_STL_BINARY_/mesh.material:binding>: The relationship target </Flattened_Prototype_9/camera/World/Looks/ID10> from </X5A/link3/visuals/link3/node_STL_BINARY_/mesh.material:binding> in layer @/srv/dojo/RoboDojo/Assets/Robots/x5/ARX.usd@ refers to a path outside the scope of the reference from </World/envs/env_3/robot0>.  Ignoring. (getting targets for relationship </World/envs/env_3/robot0/link3/visuals/link3/node_STL_BINARY_/mesh.material:binding> on stage @anon:0x55d5d92aad50:World0.usd@ <0x55d5d92ac2d0>)

2026-10-02T09:53:22Z [40,630ms] [Warning] [omni.usd] Warning (secondary thread): in _ReportErrors at line 3172 of /builds/omniverse/usd-ci/USD/pxr/usd/usd/stage.cpp -- In </World/envs/env_2/robot1/link3/visuals/link3/node_STL_BINARY_/mesh.material:binding>: The relationship target </Flattened_Prototype_9/camera/World/Looks/ID10> from </X5A/link3/visuals/link3/node_STL_BINARY_/mesh.material:binding> in layer @/srv/dojo/RoboDojo/Assets/Robots/x5/ARX.usd@ refers to a path outside the scope of the reference from </World/envs/env_2/robot1>.  Ignoring. (getting targets for relationship </World/envs/env_2/robot1/link3/visuals/link3/node_STL_BINARY_/mesh.material:binding> on stage @anon:0x55d5d92aad50:World0.usd@ <0x55d5d92ac2d0>)

[INFO]: Time taken for simulation start : 0.975166 seconds
[INFO]: Completed setting up the environment...
[INFO] Resetting all environments
2026-10-02T09:53:52Z [70,553ms] [Warning] [omni.fabric.plugin] USD->Fabric: Unhandled array type string[]
2026-10-02T09:54:00Z [78,049ms] [Warning] [rtx.neuraylib.plugin] [MDLC:COMPILER]   1.0   MDLC   comp warn : file:/srv/dojo/RoboDojo/Assets/Material/material_0122/Mahogany_Planks.mdl(49,24): C302 conversion from 'float' to 'float2' must be explicit
2026-10-02T09:54:00Z [78,049ms] [Warning] [rtx.neuraylib.plugin] [MDLC:COMPILER]   1.0   MDLC   comp warn : file:/srv/dojo/RoboDojo/Assets/Material/material_0122/Mahogany_Planks.mdl(51,20): C302 conversion from 'float' to 'float2' must be explicit
2026-10-02T09:54:00Z [78,049ms] [Warning] [rtx.neuraylib.plugin] [MDLC:COMPILER]   1.0   MDLC   comp warn : file:/srv/dojo/RoboDojo/Assets/Material/material_0122/Mahogany_Planks.mdl(52,31): C302 conversion from 'float' to 'float2' must be explicit
2026-10-02T09:54:00Z [78,049ms] [Warning] [rtx.neuraylib.plugin] [MDLC:COMPILER]   1.0   MDLC   comp warn : file:/srv/dojo/RoboDojo/Assets/Material/material_0122/Mahogany_Planks.mdl(54,27): C302 conversion from 'float' to 'float2' must be explicit
2026-10-02T09:54:04Z [82,357ms] [Warning] [rtx.postprocessing.plugin] DLSS-RR is not supported in the current build due to some known bugs with this GPU: NVIDIA H100 80GB HBM3.Note that RTX Real-Time raytracing mode will not be able to denoise the output correctly.
[render_sync] zero-delay Kit settings active; one delivered frame per capture.
2026-10-02T09:54:15Z [93,560ms] [Warning] [carb] Client gpu.foundation.plugin has acquired [gpu::unstable::IMemoryBudgetManagerFactory v0.1] 100 times. Consider accessing this interface with carb::getCachedInterface() (Performance warning)
env0 step: [92m1 / 1050[0menv0 step: [92m2 / 1050[0menv0 step: [92m3 / 1050[0menv0 step: [92m4 / 1050[0menv0 step: [92m5 / 1050[0menv0 step: [92m6 / 1050[0menv0 step: [92m7 / 1050[0menv0 step: [92m8 / 1050[0menv0 step: [92m9 / 1050[0menv0 step: [92m10 / 1050[0menv0 step: [92m11 / 1050[0menv0 step: [92m12 / 1050[0menv0 step: [92m13 / 1050[0menv0 step: [92m14 / 1050[0menv0 step: [92m15 / 1050[0menv0 step: [92m16 / 1050[0menv0 step: [92m17 / 1050[0menv0 step: [92m18 / 1050[0menv0 step: [92m19 / 1050[0menv0 step: [92m20 / 1050[0menv0 step: [92m21 / 1050[0menv0 step: [92m22 / 1050[0menv0 step: [92m23 / 1050[0menv0 step: [92m24 / 1050[0menv0 step: [92m25 / 1050[0menv0 step: [92m26 / 1050[0menv0 step: [92m27 / 1050[0menv0 step: [92m28 / 1050[0menv0 step: [92m29 / 1050[0menv0 step: [92m30 / 1050[0menv0 step: [92m31 / 1050[0menv0 step: [92m32 / 1050[0menv0 step: [92m33 / 1050[0menv0 step: [92m34 / 1050[0menv0 step: [92m35 / 1050[0menv0 step: [92m36 / 1050[0menv0 step: [92m37 / 1050[0menv0 step: [92m38 / 1050[0menv0 step: [92m39 / 1050[0menv0 step: [92m40 / 1050[0menv0 step: [92m41 / 1050[0menv0 step: [92m42 / 1050[0menv0 step: [92m43 / 1050[0menv0 step: [92m44 / 1050[0menv0 step: [92m45 / 1050[0menv0 step: [92m46 / 1050[0menv0 step: [92m47 / 1050[0menv0 step: [92m48 / 1050[0menv0 step: [92m49 / 1050[0menv0 step: [92m50 / 1050[0menv0 step: [92m51 / 1050[0menv0 step: [92m52 / 1050[0menv0 step: [92m53 / 1050[0menv0 step: [92m54 / 1050[0menv0 step: [92m55 / 1050[0menv0 step: [92m56 / 1050[0menv0 step: [92m57 / 1050[0menv0 step: [92m58 / 1050[0menv0 step: [92m59 / 1050[0menv0 step: [92m60 / 1050[0menv0 step: [92m61 / 1050[0menv0 step: [92m62 / 1050[0menv0 step: [92m63 / 1050[0menv0 step: [92m64 / 1050[0menv0 step: [92m65 / 1050[0menv0 step: [92m66 / 1050[0menv0 step: [92m67 / 1050[0menv0 step: [92m68 / 1050[0menv0 step: [92m69 / 1050[0menv0 step: [92m70 / 1050[0menv0 step: [92m71 / 1050[0menv0 step: [92m72 / 1050[0menv0 step: [92m73 / 1050[0menv0 step: [92m74 / 1050[0menv0 step: [92m75 / 1050[0menv0 step: [92m76 / 1050[0menv0 step: [92m77 / 1050[0menv0 step: [92m78 / 1050[0menv0 step: [92m79 / 1050[0menv0 step: [92m80 / 1050[0menv0 step: [92m81 / 1050[0menv0 step: [92m82 / 1050[0menv0 step: [92m83 / 1050[0menv0 step: [92m84 / 1050[0menv0 step: [92m85 / 1050[0menv0 step: [92m86 / 1050[0menv0 step: [92m87 / 1050[0menv0 step: [92m88 / 1050[0menv0 step: [92m89 / 1050[0menv0 step: [92m90 / 1050[0menv0 step: [92m91 / 1050[0menv0 step: [92m92 / 1050[0menv0 step: [92m93 / 1050[0menv0 step: [92m94 / 1050[0menv0 step: [92m95 / 1050[0menv0 step: [92m96 / 1050[0menv0 step: [92m97 / 1050[0menv0 step: [92m98 / 1050[0menv0 step: [92m99 / 1050[0menv0 step: [92m100 / 1050[0menv0 step: [92m101 / 1050[0menv0 step: [92m102 / 1050[0menv0 step: [92m103 / 1050[0menv0 step: [92m104 / 1050[0menv0 step: [92m105 / 1050[0menv0 step: [92m106 / 1050[0menv0 step: [92m107 / 1050[0menv0 step: [92m108 / 1050[0menv0 step: [92m109 / 1050[0menv0 step: [92m110 / 1050[0menv0 step: [92m111 / 1050[0menv0 step: [92m112 / 1050[0menv0 step: [92m113 / 1050[0menv0 step: [92m114 / 1050[0menv0 step: [92m115 / 1050[0menv0 step: [92m116 / 1050[0menv0 step: [92m117 / 1050[0menv0 step: [92m118 / 1050[0menv0 step: [92m119 / 1050[0menv0 step: [92m120 / 1050[0menv0 step: [92m121 / 1050[0menv0 step: [92m122 / 1050[0menv0 step: [92m123 / 1050[0menv0 step: [92m124 / 1050[0menv0 step: [92m125 / 1050[0menv0 step: [92m126 / 1050[0menv0 step: [92m127 / 1050[0menv0 step: [92m128 / 1050[0menv0 step: [92m129 / 1050[0menv0 step: [92m130 / 1050[0menv0 step: [92m131 / 1050[0menv0 step: [92m132 / 1050[0menv0 step: [92m133 / 1050[0menv0 step: [92m134 / 1050[0menv0 step: [92m135 / 1050[0menv0 step: [92m136 / 1050[0menv0 step: [92m137 / 1050[0menv0 step: [92m138 / 1050[0menv0 step: [92m139 / 1050[0menv0 step: [92m140 / 1050[0menv0 step: [92m141 / 1050[0menv0 step: [92m142 / 1050[0menv0 step: [92m143 / 1050[0menv0 step: [92m144 / 1050[0menv0 step: [92m145 / 1050[0menv0 step: [92m146 / 1050[0menv0 step: [92m147 / 1050[0menv0 step: [92m148 / 1050[0menv0 step: [92m149 / 1050[0menv0 step: [92m150 / 1050[0menv0 step: [92m151 / 1050[0menv0 step: [92m152 / 1050[0menv0 step: [92m153 / 1050[0menv0 step: [92m154 / 1050[0menv0 step: [92m155 / 1050[0menv0 step: [92m156 / 1050[0menv0 step: [92m157 / 1050[0menv0 step: [92m158 / 1050[0menv0 step: [92m159 / 1050[0menv0 step: [92m160 / 1050[0menv0 step: [92m161 / 1050[0menv0 step: [92m162 / 1050[0menv0 step: [92m163 / 1050[0menv0 step: [92m164 / 1050[0menv0 step: [92m165 / 1050[0menv0 step: [92m166 / 1050[0menv0 step: [92m167 / 1050[0menv0 step: [92m168 / 1050[0menv0 step: [92m169 / 1050[0menv0 step: [92m170 / 1050[0menv0 step: [92m171 / 1050[0menv0 step: [92m172 / 1050[0menv0 step: [92m173 / 1050[0menv0 step: [92m174 / 1050[0menv0 step: [92m175 / 1050[0menv0 step: [92m176 / 1050[0menv0 step: [92m177 / 1050[0menv0 step: [92m178 / 1050[0menv0 step: [92m179 / 1050[0menv0 step: [92m180 / 1050[0menv0 step: [92m181 / 1050[0menv0 step: [92m182 / 1050[0menv0 step: [92m183 / 1050[0menv0 step: [92m184 / 1050[0menv0 step: [92m185 / 1050[0menv0 step: [92m186 / 1050[0menv0 step: [92m187 / 1050[0menv0 step: [92m188 / 1050[0menv0 step: [92m189 / 1050[0menv0 step: [92m190 / 1050[0menv0 step: [92m191 / 1050[0menv0 step: [92m192 / 1050[0menv0 step: [92m193 / 1050[0menv0 step: [92m194 / 1050[0menv0 step: [92m195 / 1050[0menv0 step: [92m196 / 1050[0menv0 step: [92m197 / 1050[0menv0 step: [92m198 / 1050[0menv0 step: [92m199 / 1050[0menv0 step: [92m200 / 1050[0menv0 step: [92m201 / 1050[0menv0 step: [92m202 / 1050[0menv0 step: [92m203 / 1050[0menv0 step: [92m204 / 1050[0menv0 step: [92m205 / 1050[0menv0 step: [92m206 / 1050[0menv0 step: [92m207 / 1050[0menv0 step: [92m208 / 1050[0menv0 step: [92m209 / 1050[0menv0 step: [92m210 / 1050[0menv0 step: [92m211 / 1050[0menv0 step: [92m212 / 1050[0menv0 step: [92m213 / 1050[0menv0 step: [92m214 / 1050[0menv0 step: [92m215 / 1050[0menv0 step: [92m216 / 1050[0menv0 step: [92m217 / 1050[0menv0 step: [92m218 / 1050[0menv0 step: [92m219 / 1050[0menv0 step: [92m220 / 1050[0menv0 step: [92m221 / 1050[0menv0 step: [92m222 / 1050[0menv0 step: [92m223 / 1050[0menv0 step: [92m224 / 1050[0menv0 step: [92m225 / 1050[0menv0 step: [92m226 / 1050[0menv0 step: [92m227 / 1050[0menv0 step: [92m228 / 1050[0menv0 step: [92m229 / 1050[0menv0 step: [92m230 / 1050[0menv0 step: [92m231 / 1050[0menv0 step: [92m232 / 1050[0menv0 step: [92m233 / 1050[0menv0 step: [92m234 / 1050[0menv0 step: [92m235 / 1050[0menv0 step: [92m236 / 1050[0menv0 step: [92m237 / 1050[0menv0 step: [92m238 / 1050[0menv0 step: [92m239 / 1050[0menv0 step: [92m240 / 1050[0menv0 step: [92m241 / 1050[0menv0 step: [92m242 / 1050[0menv0 step: [92m243 / 1050[0menv0 step: [92m244 / 1050[0menv0 step: [92m245 / 1050[0menv0 step: [92m246 / 1050[0menv0 step: [92m247 / 1050[0menv0 step: [92m248 / 1050[0menv0 step: [92m249 / 1050[0menv0 step: [92m250 / 1050[0menv0 step: [92m251 / 1050[0menv0 step: [92m252 / 1050[0menv0 step: [92m253 / 1050[0menv0 step: [92m254 / 1050[0menv0 step: [92m255 / 1050[0menv0 step: [92m256 / 1050[0menv0 step: [92m257 / 1050[0menv0 step: [92m258 / 1050[0menv0 step: [92m259 / 1050[0menv0 step: [92m260 / 1050[0menv0 step: [92m261 / 1050[0menv0 step: [92m262 / 1050[0menv0 step: [92m263 / 1050[0menv0 step: [92m264 / 1050[0menv0 step: [92m265 / 1050[0menv0 step: [92m266 / 1050[0menv0 step: [92m267 / 1050[0menv0 step: [92m268 / 1050[0menv0 step: [92m269 / 1050[0menv0 step: [92m270 / 1050[0menv0 step: [92m271 / 1050[0menv0 step: [92m272 / 1050[0menv0 step: [92m273 / 1050[0menv0 step: [92m274 / 1050[0menv0 step: [92m275 / 1050[0menv0 step: [92m276 / 1050[0menv0 step: [92m277 / 1050[0menv0 step: [92m278 / 1050[0menv0 step: [92m279 / 1050[0menv0 step: [92m280 / 1050[0menv0 step: [92m281 / 1050[0menv0 step: [92m282 / 1050[0menv0 step: [92m283 / 1050[0menv0 step: [92m284 / 1050[0menv0 step: [92m285 / 1050[0menv0 step: [92m286 / 1050[0menv0 step: [92m287 / 1050[0menv0 step: [92m288 / 1050[0menv0 step: [92m289 / 1050[0menv0 step: [92m290 / 1050[0menv0 step: [92m291 / 1050[0menv0 step: [92m292 / 1050[0menv0 step: [92m293 / 1050[0menv0 step: [92m294 / 1050[0menv0 step: [92m295 / 1050[0menv0 step: [92m296 / 1050[0menv0 step: [92m297 / 1050[0menv0 step: [92m298 / 1050[0menv0 step: [92m299 / 1050[0menv0 step: [92m300 / 1050[0menv0 step: [92m301 / 1050[0menv0 step: [92m302 / 1050[0menv0 step: [92m303 / 1050[0menv0 step: [92m304 / 1050[0menv0 step: [92m305 / 1050[0menv0 step: [92m306 / 1050[0menv0 step: [92m307 / 1050[0menv0 step: [92m308 / 1050[0menv0 step: [92m309 / 1050[0menv0 step: [92m310 / 1050[0menv0 step: [92m311 / 1050[0menv0 step: [92m312 / 1050[0menv0 step: [92m313 / 1050[0menv0 step: [92m314 / 1050[0menv0 step: [92m315 / 1050[0menv0 step: [92m316 / 1050[0menv0 step: [92m317 / 1050[0menv0 step: [92m318 / 1050[0menv0 step: [92m319 / 1050[0menv0 step: [92m320 / 1050[0menv0 step: [92m321 / 1050[0menv0 step: [92m322 / 1050[0menv0 step: [92m323 / 1050[0menv0 step: [92m324 / 1050[0menv0 step: [92m325 / 1050[0menv0 step: [92m326 / 1050[0menv0 step: [92m327 / 1050[0menv0 step: [92m328 / 1050[0menv0 step: [92m329 / 1050[0menv0 step: [92m330 / 1050[0menv0 step: [92m331 / 1050[0menv0 step: [92m332 / 1050[0menv0 step: [92m333 / 1050[0menv0 step: [92m334 / 1050[0menv0 step: [92m335 / 1050[0menv0 step: [92m336 / 1050[0menv0 step: [92m337 / 1050[0menv0 step: [92m338 / 1050[0menv0 step: [92m339 / 1050[0menv0 step: [92m340 / 1050[0menv0 step: [92m341 / 1050[0menv0 step: [92m342 / 1050[0menv0 step: [92m343 / 1050[0menv0 step: [92m344 / 1050[0menv0 step: [92m345 / 1050[0menv0 step: [92m346 / 1050[0menv0 step: [92m347 / 1050[0menv0 step: [92m348 / 1050[0menv0 step: [92m349 / 1050[0menv0 step: [92m350 / 1050[0menv0 step: [92m351 / 1050[0menv0 step: [92m352 / 1050[0menv0 step: [92m353 / 1050[0menv0 step: [92m354 / 1050[0menv0 step: [92m355 / 1050[0menv0 step: [92m356 / 1050[0menv0 step: [92m357 / 1050[0menv0 step: [92m358 / 1050[0menv0 step: [92m359 / 1050[0menv0 step: [92m360 / 1050[0menv0 step: [92m361 / 1050[0menv0 step: [92m362 / 1050[0menv0 step: [92m363 / 1050[0menv0 step: [92m364 / 1050[0menv0 step: [92m365 / 1050[0menv0 step: [92m366 / 1050[0menv0 step: [92m367 / 1050[0menv0 step: [92m368 / 1050[0menv0 step: [92m369 / 1050[0menv0 step: [92m370 / 1050[0menv0 step: [92m371 / 1050[0menv0 step: [92m372 / 1050[0menv0 step: [92m373 / 1050[0menv0 step: [92m374 / 1050[0menv0 step: [92m375 / 1050[0menv0 step: [92m376 / 1050[0menv0 step: [92m377 / 1050[0menv0 step: [92m378 / 1050[0menv0 step: [92m379 / 1050[0menv0 step: [92m380 / 1050[0menv0 step: [92m381 / 1050[0menv0 step: [92m382 / 1050[0menv0 step: [92m383 / 1050[0menv0 step: [92m384 / 1050[0menv0 step: [92m385 / 1050[0menv0 step: [92m386 / 1050[0menv0 step: [92m387 / 1050[0menv0 step: [92m388 / 1050[0menv0 step: [92m389 / 1050[0menv0 step: [92m390 / 1050[0menv0 step: [92m391 / 1050[0menv0 step: [92m392 / 1050[0menv0 step: [92m393 / 1050[0menv0 step: [92m394 / 1050[0menv0 step: [92m395 / 1050[0menv0 step: [92m396 / 1050[0menv0 step: [92m397 / 1050[0menv0 step: [92m398 / 1050[0menv0 step: [92m399 / 1050[0menv0 step: [92m400 / 1050[0menv0 step: [92m401 / 1050[0menv0 step: [92m402 / 1050[0menv0 step: [92m403 / 1050[0menv0 step: [92m404 / 1050[0menv0 step: [92m405 / 1050[0menv0 step: [92m406 / 1050[0menv0 step: [92m407 / 1050[0menv0 step: [92m408 / 1050[0menv0 step: [92m409 / 1050[0menv0 step: [92m410 / 1050[0menv0 step: [92m411 / 1050[0menv0 step: [92m412 / 1050[0menv0 step: [92m413 / 1050[0menv0 step: [92m414 / 1050[0menv0 step: [92m415 / 1050[0menv0 step: [92m416 / 1050[0menv0 step: [92m417 / 1050[0menv0 step: [92m418 / 1050[0menv0 step: [92m419 / 1050[0menv0 step: [92m420 / 1050[0menv0 step: [92m421 / 1050[0menv0 step: [92m422 / 1050[0menv0 step: [92m423 / 1050[0menv0 step: [92m424 / 1050[0menv0 step: [92m425 / 1050[0menv0 step: [92m426 / 1050[0menv0 step: [92m427 / 1050[0menv0 step: [92m428 / 1050[0menv0 step: [92m429 / 1050[0menv0 step: [92m430 / 1050[0menv0 step: [92m431 / 1050[0menv0 step: [92m432 / 1050[0menv0 step: [92m433 / 1050[0menv0 step: [92m434 / 1050[0menv0 step: [92m435 / 1050[0menv0 step: [92m436 / 1050[0menv0 step: [92m437 / 1050[0menv0 step: [92m438 / 1050[0menv0 step: [92m439 / 1050[0menv0 step: [92m440 / 1050[0menv0 step: [92m441 / 1050[0menv0 step: [92m442 / 1050[0menv0 step: [92m443 / 1050[0menv0 step: [92m444 / 1050[0menv0 step: [92m445 / 1050[0menv0 step: [92m446 / 1050[0menv0 step: [92m447 / 1050[0menv0 step: [92m448 / 1050[0menv0 step: [92m449 / 1050[0menv0 step: [92m450 / 1050[0menv0 step: [92m451 / 1050[0menv0 step: [92m452 / 1050[0menv0 step: [92m453 / 1050[0menv0 step: [92m454 / 1050[0menv0 step: [92m455 / 1050[0menv0 step: [92m456 / 1050[0menv0 step: [92m457 / 1050[0menv0 step: [92m458 / 1050[0menv0 step: [92m459 / 1050[0menv0 step: [92m460 / 1050[0menv0 step: [92m461 / 1050[0menv0 step: [92m462 / 1050[0menv0 step: [92m463 / 1050[0menv0 step: [92m464 / 1050[0menv0 step: [92m465 / 1050[0menv0 step: [92m466 / 1050[0menv0 step: [92m467 / 1050[0menv0 step: [92m468 / 1050[0menv0 step: [92m469 / 1050[0menv0 step: [92m470 / 1050[0menv0 step: [92m471 / 1050[0menv0 step: [92m472 / 1050[0menv0 step: [92m473 / 1050[0menv0 step: [92m474 / 1050[0menv0 step: [92m475 / 1050[0menv0 step: [92m476 / 1050[0menv0 step: [92m477 / 1050[0menv0 step: [92m478 / 1050[0menv0 step: [92m479 / 1050[0menv0 step: [92m480 / 1050[0menv0 step: [92m481 / 1050[0menv0 step: [92m482 / 1050[0menv0 step: [92m483 / 1050[0menv0 step: [92m484 / 1050[0menv0 step: [92m485 / 1050[0menv0 step: [92m486 / 1050[0menv0 step: [92m487 / 1050[0menv0 step: [92m488 / 1050[0menv0 step: [92m489 / 1050[0menv0 step: [92m490 / 1050[0menv0 step: [92m491 / 1050[0menv0 step: [92m492 / 1050[0menv0 step: [92m493 / 1050[0menv0 step: [92m494 / 1050[0menv0 step: [92m495 / 1050[0menv0 step: [92m496 / 1050[0menv0 step: [92m497 / 1050[0menv0 step: [92m498 / 1050[0menv0 step: [92m499 / 1050[0menv0 step: [92m500 / 1050[0menv0 step: [92m501 / 1050[0menv0 step: [92m502 / 1050[0menv0 step: [92m503 / 1050[0menv0 step: [92m504 / 1050[0menv0 step: [92m505 / 1050[0menv0 step: [92m506 / 1050[0menv0 step: [92m507 / 1050[0menv0 step: [92m508 / 1050[0menv0 step: [92m509 / 1050[0menv0 step: [92m510 / 1050[0menv0 step: [92m511 / 1050[0menv0 step: [92m512 / 1050[0menv0 step: [92m513 / 1050[0menv0 step: [92m514 / 1050[0menv0 step: [92m515 / 1050[0menv0 step: [92m516 / 1050[0menv0 step: [92m517 / 1050[0menv0 step: [92m518 / 1050[0menv0 step: [92m519 / 1050[0menv0 step: [92m520 / 1050[0menv0 step: [92m521 / 1050[0menv0 step: [92m522 / 1050[0menv0 step: [92m523 / 1050[0menv0 step: [92m524 / 1050[0menv0 step: [92m525 / 1050[0menv0 step: [92m526 / 1050[0menv0 step: [92m527 / 1050[0menv0 step: [92m528 / 1050[0menv0 step: [92m529 / 1050[0menv0 step: [92m530 / 1050[0menv0 step: [92m531 / 1050[0menv0 step: [92m532 / 1050[0menv0 step: [92m533 / 1050[0menv0 step: [92m534 / 1050[0menv0 step: [92m535 / 1050[0menv0 step: [92m536 / 1050[0menv0 step: [92m537 / 1050[0menv0 step: [92m538 / 1050[0menv0 step: [92m539 / 1050[0menv0 step: [92m540 / 1050[0menv0 step: [92m541 / 1050[0menv0 step: [92m542 / 1050[0menv0 step: [92m543 / 1050[0menv0 step: [92m544 / 1050[0menv0 step: [92m545 / 1050[0menv0 step: [92m546 / 1050[0menv0 step: [92m547 / 1050[0menv0 step: [92m548 / 1050[0menv0 step: [92m549 / 1050[0menv0 step: [92m550 / 1050[0menv0 step: [92m551 / 1050[0menv0 step: [92m552 / 1050[0menv0 step: [92m553 / 1050[0menv0 step: [92m554 / 1050[0menv0 step: [92m555 / 1050[0menv0 step: [92m556 / 1050[0menv0 step: [92m557 / 1050[0menv0 step: [92m558 / 1050[0menv0 step: [92m559 / 1050[0menv0 step: [92m560 / 1050[0menv0 step: [92m561 / 1050[0menv0 step: [92m562 / 1050[0menv0 step: [92m563 / 1050[0menv0 step: [92m564 / 1050[0menv0 step: [92m565 / 1050[0menv0 step: [92m566 / 1050[0menv0 step: [92m567 / 1050[0menv0 step: [92m568 / 1050[0menv0 step: [92m569 / 1050[0menv0 step: [92m570 / 1050[0menv0 step: [92m571 / 1050[0menv0 step: [92m572 / 1050[0menv0 step: [92m573 / 1050[0menv0 step: [92m574 / 1050[0menv0 step: [92m575 / 1050[0menv0 step: [92m576 / 1050[0menv0 step: [92m577 / 1050[0menv0 step: [92m578 / 1050[0menv0 step: [92m579 / 1050[0menv0 step: [92m580 / 1050[0menv0 step: [92m581 / 1050[0menv0 step: [92m582 / 1050[0menv0 step: [92m583 / 1050[0menv0 step: [92m584 / 1050[0menv0 step: [92m585 / 1050[0menv0 step: [92m586 / 1050[0menv0 step: [92m587 / 1050[0menv0 step: [92m588 / 1050[0menv0 step: [92m589 / 1050[0menv0 step: [92m590 / 1050[0menv0 step: [92m591 / 1050[0menv0 step: [92m592 / 1050[0menv0 step: [92m593 / 1050[0menv0 step: [92m594 / 1050[0menv0 step: [92m595 / 1050[0menv0 step: [92m596 / 1050[0menv0 step: [92m597 / 1050[0menv0 step: [92m598 / 1050[0menv0 step: [92m599 / 1050[0menv0 step: [92m600 / 1050[0menv0 step: [92m601 / 1050[0menv0 step: [92m602 / 1050[0menv0 step: [92m603 / 1050[0menv0 step: [92m604 / 1050[0menv0 step: [92m605 / 1050[0menv0 step: [92m606 / 1050[0menv0 step: [92m607 / 1050[0menv0 step: [92m608 / 1050[0menv0 step: [92m609 / 1050[0menv0 step: [92m610 / 1050[0menv0 step: [92m611 / 1050[0menv0 step: [92m612 / 1050[0menv0 step: [92m613 / 1050[0menv0 step: [92m614 / 1050[0menv0 step: [92m615 / 1050[0menv0 step: [92m616 / 1050[0menv0 step: [92m617 / 1050[0menv0 step: [92m618 / 1050[0menv0 step: [92m619 / 1050[0menv0 step: [92m620 / 1050[0menv0 step: [92m621 / 1050[0menv0 step: [92m622 / 1050[0menv0 step: [92m623 / 1050[0menv0 step: [92m624 / 1050[0menv0 step: [92m625 / 1050[0menv0 step: [92m626 / 1050[0menv0 step: [92m627 / 1050[0menv0 step: [92m628 / 1050[0menv0 step: [92m629 / 1050[0menv0 step: [92m630 / 1050[0menv0 step: [92m631 / 1050[0menv0 step: [92m632 / 1050[0menv0 step: [92m633 / 1050[0menv0 step: [92m634 / 1050[0menv0 step: [92m635 / 1050[0menv0 step: [92m636 / 1050[0menv0 step: [92m637 / 1050[0menv0 step: [92m638 / 1050[0menv0 step: [92m639 / 1050[0menv0 step: [92m640 / 1050[0menv0 step: [92m641 / 1050[0menv0 step: [92m642 / 1050[0menv0 step: [92m643 / 1050[0menv0 step: [92m644 / 1050[0menv0 step: [92m645 / 1050[0menv0 step: [92m646 / 1050[0menv0 step: [92m647 / 1050[0menv0 step: [92m648 / 1050[0menv0 step: [92m649 / 1050[0menv0 step: [92m650 / 1050[0menv0 step: [92m651 / 1050[0menv0 step: [92m652 / 1050[0menv0 step: [92m653 / 1050[0menv0 step: [92m654 / 1050[0menv0 step: [92m655 / 1050[0menv0 step: [92m656 / 1050[0menv0 step: [92m657 / 1050[0menv0 step: [92m658 / 1050[0menv0 step: [92m659 / 1050[0menv0 step: [92m660 / 1050[0menv0 step: [92m661 / 1050[0menv0 step: [92m662 / 1050[0menv0 step: [92m663 / 1050[0menv0 step: [92m664 / 1050[0menv0 step: [92m665 / 1050[0menv0 step: [92m666 / 1050[0menv0 step: [92m667 / 1050[0menv0 step: [92m668 / 1050[0menv0 step: [92m669 / 1050[0menv0 step: [92m670 / 1050[0menv0 step: [92m671 / 1050[0menv0 step: [92m672 / 1050[0menv0 step: [92m673 / 1050[0menv0 step: [92m674 / 1050[0menv0 step: [92m675 / 1050[0menv0 step: [92m676 / 1050[0menv0 step: [92m677 / 1050[0menv0 step: [92m678 / 1050[0menv0 step: [92m679 / 1050[0menv0 step: [92m680 / 1050[0menv0 step: [92m681 / 1050[0menv0 step: [92m682 / 1050[0menv0 step: [92m683 / 1050[0menv0 step: [92m684 / 1050[0menv0 step: [92m685 / 1050[0menv0 step: [92m686 / 1050[0menv0 step: [92m687 / 1050[0menv0 step: [92m688 / 1050[0menv0 step: [92m689 / 1050[0menv0 step: [92m690 / 1050[0menv0 step: [92m691 / 1050[0menv0 step: [92m692 / 1050[0menv0 step: [92m693 / 1050[0menv0 step: [92m694 / 1050[0menv0 step: [92m695 / 1050[0menv0 step: [92m696 / 1050[0menv0 step: [92m697 / 1050[0menv0 step: [92m698 / 1050[0menv0 step: [92m699 / 1050[0menv0 step: [92m700 / 1050[0menv0 step: [92m701 / 1050[0menv0 step: [92m702 / 1050[0menv0 step: [92m703 / 1050[0menv0 step: [92m704 / 1050[0menv0 step: [92m705 / 1050[0menv0 step: [92m706 / 1050[0menv0 step: [92m707 / 1050[0menv0 step: [92m708 / 1050[0menv0 step: [92m709 / 1050[0menv0 step: [92m710 / 1050[0menv0 step: [92m711 / 1050[0menv0 step: [92m712 / 1050[0menv0 step: [92m713 / 1050[0menv0 step: [92m714 / 1050[0menv0 step: [92m715 / 1050[0menv0 step: [92m716 / 1050[0menv0 step: [92m717 / 1050[0menv0 step: [92m718 / 1050[0menv0 step: [92m719 / 1050[0menv0 step: [92m720 / 1050[0menv0 step: [92m721 / 1050[0menv0 step: [92m722 / 1050[0menv0 step: [92m723 / 1050[0menv0 step: [92m724 / 1050[0menv0 step: [92m725 / 1050[0menv0 step: [92m726 / 1050[0menv0 step: [92m727 / 1050[0menv0 step: [92m728 / 1050[0menv0 step: [92m729 / 1050[0menv0 step: [92m730 / 1050[0menv0 step: [92m731 / 1050[0menv0 step: [92m732 / 1050[0menv0 step: [92m733 / 1050[0menv0 step: [92m734 / 1050[0menv0 step: [92m735 / 1050[0menv0 step: [92m736 / 1050[0menv0 step: [92m737 / 1050[0menv0 step: [92m738 / 1050[0menv0 step: [92m739 / 1050[0menv0 step: [92m740 / 1050[0menv0 step: [92m741 / 1050[0menv0 step: [92m742 / 1050[0menv0 step: [92m743 / 1050[0menv0 step: [92m744 / 1050[0menv0 step: [92m745 / 1050[0menv0 step: [92m746 / 1050[0menv0 step: [92m747 / 1050[0menv0 step: [92m748 / 1050[0menv0 step: [92m749 / 1050[0menv0 step: [92m750 / 1050[0menv0 step: [92m751 / 1050[0menv0 step: [92m752 / 1050[0menv0 step: [92m753 / 1050[0menv0 step: [92m754 / 1050[0menv0 step: [92m755 / 1050[0menv0 step: [92m756 / 1050[0menv0 step: [92m757 / 1050[0menv0 step: [92m758 / 1050[0menv0 step: [92m759 / 1050[0menv0 step: [92m760 / 1050[0menv0 step: [92m761 / 1050[0menv0 step: [92m762 / 1050[0menv0 step: [92m763 / 1050[0menv0 step: [92m764 / 1050[0menv0 step: [92m765 / 1050[0menv0 step: [92m766 / 1050[0menv0 step: [92m767 / 1050[0menv0 step: [92m768 / 1050[0menv0 step: [92m769 / 1050[0menv0 step: [92m770 / 1050[0menv0 step: [92m771 / 1050[0menv0 step: [92m772 / 1050[0menv0 step: [92m773 / 1050[0menv0 step: [92m774 / 1050[0menv0 step: [92m775 / 1050[0menv0 step: [92m776 / 1050[0menv0 step: [92m777 / 1050[0menv0 step: [92m778 / 1050[0menv0 step: [92m779 / 1050[0menv0 step: [92m780 / 1050[0menv0 step: [92m781 / 1050[0menv0 step: [92m782 / 1050[0menv0 step: [92m783 / 1050[0menv0 step: [92m784 / 1050[0menv0 step: [92m785 / 1050[0menv0 step: [92m786 / 1050[0menv0 step: [92m787 / 1050[0menv0 step: [92m788 / 1050[0menv0 step: [92m789 / 1050[0menv0 step: [92m790 / 1050[0menv0 step: [92m791 / 1050[0menv0 step: [92m792 / 1050[0menv0 step: [92m793 / 1050[0menv0 step: [92m794 / 1050[0menv0 step: [92m795 / 1050[0menv0 step: [92m796 / 1050[0menv0 step: [92m797 / 1050[0menv0 step: [92m798 / 1050[0menv0 step: [92m799 / 1050[0menv0 step: [92m800 / 1050[0menv0 step: [92m801 / 1050[0menv0 step: [92m802 / 1050[0menv0 step: [92m803 / 1050[0menv0 step: [92m804 / 1050[0menv0 step: [92m805 / 1050[0menv0 step: [92m806 / 1050[0menv0 step: [92m807 / 1050[0menv0 step: [92m808 / 1050[0menv0 step: [92m809 / 1050[0menv0 step: [92m810 / 1050[0menv0 step: [92m811 / 1050[0menv0 step: [92m812 / 1050[0menv0 step: [92m813 / 1050[0menv0 step: [92m814 / 1050[0menv0 step: [92m815 / 1050[0menv0 step: [92m816 / 1050[0menv0 step: [92m817 / 1050[0menv0 step: [92m818 / 1050[0menv0 step: [92m819 / 1050[0menv0 step: [92m820 / 1050[0menv0 step: [92m821 / 1050[0menv0 step: [92m822 / 1050[0menv0 step: [92m823 / 1050[0menv0 step: [92m824 / 1050[0menv0 step: [92m825 / 1050[0menv0 step: [92m826 / 1050[0menv0 step: [92m827 / 1050[0menv0 step: [92m828 / 1050[0menv0 step: [92m829 / 1050[0menv0 step: [92m830 / 1050[0m🎬 Video is saved to `eval_result/RoboDojo/sort_nesting_dolls_by_size/Pi_05/arx_x5/0_ckpt_name=sim,action_type=joint/sz3_pi05_official_6300_n4_dual_20260929_r2_s0_sort_nesting_dolls_by_size/episode_0000024_cam_head_success.mp4`, containing [94m831[0m frames at 640×480 resolution and 25 FPS.
🎬 Video is saved to `eval_result/RoboDojo/sort_nesting_dolls_by_size/Pi_05/arx_x5/0_ckpt_name=sim,action_type=joint/sz3_pi05_official_6300_n4_dual_20260929_r2_s0_sort_nesting_dolls_by_size/episode_0000024_cam_left_wrist_success.mp4`, containing [94m831[0m frames at 640×480 resolution and 25 FPS.
🎬 Video is saved to `eval_result/RoboDojo/sort_nesting_dolls_by_size/Pi_05/arx_x5/0_ckpt_name=sim,action_type=joint/sz3_pi05_official_6300_n4_dual_20260929_r2_s0_sort_nesting_dolls_by_size/episode_0000024_cam_right_wrist_success.mp4`, containing [94m831[0m frames at 640×480 resolution and 25 FPS.
Success nums: 3, Fail nums: 22, Unstable nums: 0
[main] removed resume manifest eval_result/RoboDojo/sort_nesting_dolls_by_size/Pi_05/arx_x5/0_ckpt_name=sim,action_type=joint/_resume_sz3_pi05_official_6300_n4_dual_20260929_r2_s0_sort_nesting_dolls_by_size.json (eval completed)
[CameraView] Invalid cached tiled node during detach; destroying render product
[CameraView] Invalid cached tiled node during detach; destroying render product
2026-10-02T09:59:49Z [426,870ms] [Warning] [carb.windowing-glfw.plugin] GLFW initialization failed.
2026-10-02T09:59:49Z [426,870ms] [Warning] [carb] Failed to startup plugin carb.windowing-glfw.plugin (interfaces: [carb::windowing::IGLContext v1.0],[carb::windowing::IWindowing v1.5]) (impl: carb.windowing-glfw.plugin)
[427.385s] Simulation App Shutting Down
