| 5   | NVIDIA H100 80GB HBM3            |        |     | 81559   MB | 10de      | 0          |
|     |                                  |        |     |            | 2330      | 2cd891ea.. |
|     |                                  |        |     |            | 97        |            |
|---------------------------------------------------------------------------------------------|
| 6   | NVIDIA H100 80GB HBM3            |        |     | 81559   MB | 10de      | 0          |
|     |                                  |        |     |            | 2330      | dc5d6921.. |
|     |                                  |        |     |            | c0        |            |
|---------------------------------------------------------------------------------------------|
| 7   | NVIDIA H100 80GB HBM3            |        |     | 81559   MB | 10de      | 0          |
|     |                                  |        |     |            | 2330      | 3c6321c1.. |
|     |                                  |        |     |            | c1        |            |
|=============================================================================================|
| OS: 22.04.1 LTS (Jammy Jellyfish) ubuntu, Version: 22.04.1, Kernel: 5.15.0-50-generic
| Processor: Intel(R) Xeon(R) Gold 6430
| Cores: 64 | Logical Cores: 128
|---------------------------------------------------------------------------------------------|
| Total Memory (MB): 2062966 | Free Memory: 1643087
| Total Page/Swap (MB): 952 | Free Page/Swap: 0
|---------------------------------------------------------------------------------------------|
'
2026-09-28T11:29:21Z [3,383ms] [Warning] [carb.crashreporter-breakpad.plugin] [crash]  telemetrySessionId = '16240211145371719639'
2026-09-28T11:29:21Z [3,384ms] [Warning] [carb.crashreporter-breakpad.plugin] [crash]  terminatedByAbort = '0'
2026-09-28T11:29:21Z [3,384ms] [Warning] [carb.crashreporter-breakpad.plugin] [crash]  totalRamBareMetalMB = '2062966'
2026-09-28T11:29:21Z [3,384ms] [Warning] [carb.crashreporter-breakpad.plugin] [crash]  totalRamLimitedMB = '2062966'
2026-09-28T11:29:21Z [3,384ms] [Warning] [carb.crashreporter-breakpad.plugin] [crash]  totalSwapBareMetalMB = '952'
2026-09-28T11:29:21Z [3,384ms] [Warning] [carb.crashreporter-breakpad.plugin] [crash]  totalSwapLimitedMB = '952'
2026-09-28T11:29:21Z [3,384ms] [Warning] [carb.crashreporter-breakpad.plugin] [crash]  userId = 'default'
2026-09-28T11:29:21Z [3,384ms] [Warning] [carb.crashreporter-breakpad.plugin] [crash]  workingDirectory = '/home/<username>/team-data/USER/projects/robodojo-openwam/RoboDojo'
2026-09-28T11:29:21Z [3,385ms] [Fatal] [carb.crashreporter-breakpad.plugin] [crash] Thread 2103334 backtrace follows:
2026-09-28T11:29:21Z [3,398ms] [Fatal] [carb.crashreporter-breakpad.plugin] 000: libc.so.6!__sigaction+0x50 (??:?)
2026-09-28T11:29:21Z [3,407ms] [Fatal] [carb.crashreporter-breakpad.plugin] 001: librtx.scenedb.plugin.so!void std::vector<std::tuple<char const*, float, float, unsigned int, unsigned int, unsigned int>, std::allocator<std::tuple<char const*, float, float, unsigned int, unsigned int, unsigned int> > >::_M_realloc_insert<std::tuple<char const*, float, float, unsigned int, unsigned int, unsigned int> >(__gnu_cxx::__normal_iterator<std::tuple<char const*, float, float, unsigned int, unsigned int, unsigned int>*, std::vector<std::tuple<char const*, float, float, unsigned int, unsigned int, unsigned int>, std::allocator<std::tuple<char const*, float, float, unsigned int, unsigned int, unsigned int> > > >, std::tuple<char const*, float, float, unsigned int, unsigned int, unsigned int>&&)+0x123ef (??:?)
2026-09-28T11:29:21Z [3,416ms] [Fatal] [carb.crashreporter-breakpad.plugin] 002: librtx.scenedb.plugin.so!void std::vector<std::tuple<char const*, float, float, unsigned int, unsigned int, unsigned int>, std::allocator<std::tuple<char const*, float, float, unsigned int, unsigned int, unsigned int> > >::_M_realloc_insert<std::tuple<char const*, float, float, unsigned int, unsigned int, unsigned int> >(__gnu_cxx::__normal_iterator<std::tuple<char const*, float, float, unsigned int, unsigned int, unsigned int>*, std::vector<std::tuple<char const*, float, float, unsigned int, unsigned int, unsigned int>, std::allocator<std::tuple<char const*, float, float, unsigned int, unsigned int, unsigned int> > > >, std::tuple<char const*, float, float, unsigned int, unsigned int, unsigned int>&&)+0x12766 (??:?)
2026-09-28T11:29:21Z [3,425ms] [Fatal] [carb.crashreporter-breakpad.plugin] 003: librtx.scenedb.plugin.so!void std::vector<std::tuple<char const*, float, float, unsigned int, unsigned int, unsigned int>, std::allocator<std::tuple<char const*, float, float, unsigned int, unsigned int, unsigned int> > >::_M_realloc_insert<std::tuple<char const*, float, float, unsigned int, unsigned int, unsigned int> >(__gnu_cxx::__normal_iterator<std::tuple<char const*, float, float, unsigned int, unsigned int, unsigned int>*, std::vector<std::tuple<char const*, float, float, unsigned int, unsigned int, unsigned int>, std::allocator<std::tuple<char const*, float, float, unsigned int, unsigned int, unsigned int> > > >, std::tuple<char const*, float, float, unsigned int, unsigned int, unsigned int>&&)+0x14a14 (??:?)
2026-09-28T11:29:21Z [3,433ms] [Fatal] [carb.crashreporter-breakpad.plugin] 004: librtx.scenedb.plugin.so!carbOnPluginStartup+0x3b4de (??:?)
2026-09-28T11:29:21Z [3,441ms] [Fatal] [carb.crashreporter-breakpad.plugin] 005: librtx.scenedb.plugin.so!void std::vector<int, std::allocator<int> >::_M_realloc_insert<int>(__gnu_cxx::__normal_iterator<int*, std::vector<int, std::allocator<int> > >, int&&)+0x7ce1 (??:?)
2026-09-28T11:29:21Z [3,450ms] [Fatal] [carb.crashreporter-breakpad.plugin] 006: libcarb.scenerenderer-rtx.plugin.so!std::unordered_map<unsigned int, unsigned int, std::hash<unsigned int>, std::equal_to<unsigned int>, std::allocator<std::pair<unsigned int const, unsigned int> > >::~unordered_map()+0x4655f (??:?)
2026-09-28T11:29:21Z [3,458ms] [Fatal] [carb.crashreporter-breakpad.plugin] 007: libcarb.scenerenderer-rtx.plugin.so!std::unordered_map<unsigned int, unsigned int, std::hash<unsigned int>, std::equal_to<unsigned int>, std::allocator<std::pair<unsigned int const, unsigned int> > >::~unordered_map()+0x64486 (??:?)
2026-09-28T11:29:21Z [3,467ms] [Fatal] [carb.crashreporter-breakpad.plugin] 008: libcarb.scenerenderer-rtx.plugin.so!carbOnPluginShutdown+0xe4b (??:?)
2026-09-28T11:29:21Z [3,471ms] [Fatal] [carb.crashreporter-breakpad.plugin] 009: libomni.hydra.rtx.plugin.so!+0x4459
2026-09-28T11:29:21Z [3,481ms] [Fatal] [carb.crashreporter-breakpad.plugin] 010: libomni.usd.so!void std::vector<unsigned long, std::allocator<unsigned long> >::_M_realloc_insert<unsigned long>(__gnu_cxx::__normal_iterator<unsigned long*, std::vector<unsigned long, std::allocator<unsigned long> > >, unsigned long&&)+0x10da (??:?)
2026-09-28T11:29:21Z [3,492ms] [Fatal] [carb.crashreporter-breakpad.plugin] 011: libomni.usd.so!void std::vector<unsigned long, std::allocator<unsigned long> >::_M_realloc_insert<unsigned long>(__gnu_cxx::__normal_iterator<unsigned long*, std::vector<unsigned long, std::allocator<unsigned long> > >, unsigned long&&)+0x58ce (??:?)
2026-09-28T11:29:22Z [3,503ms] [Fatal] [carb.crashreporter-breakpad.plugin] 012: libomni.usd.so!void std::vector<unsigned long, std::allocator<unsigned long> >::_M_realloc_insert<unsigned long>(__gnu_cxx::__normal_iterator<unsigned long*, std::vector<unsigned long, std::allocator<unsigned long> > >, unsigned long&&)+0x5c5a (??:?)
2026-09-28T11:29:22Z [3,514ms] [Fatal] [carb.crashreporter-breakpad.plugin] 013: libcarb.tasking.plugin.so!std::thread::_State_impl<std::thread::_Invoker<std::tuple<void (carb::tasking::Scheduler::*)(carb::tasking::Fiber*, carb::tasking::Scheduler::TrackedThread*), carb::tasking::Scheduler*, carb::tasking::Fiber*, carb::tasking::Scheduler::TrackedThread*> > >::_M_run()+0xa3a7 (??:?)
2026-09-28T11:29:22Z [3,525ms] [Fatal] [carb.crashreporter-breakpad.plugin] 014: libcarb.tasking.plugin.so!void std::vector<int, std::allocator<int> >::_M_realloc_insert<int const&>(__gnu_cxx::__normal_iterator<int*, std::vector<int, std::allocator<int> > >, int const&)+0xb6dc (??:?)
2026-09-28T11:29:22Z [3,536ms] [Fatal] [carb.crashreporter-breakpad.plugin] 015: libcarb.tasking.plugin.so!void std::vector<int, std::allocator<int> >::_M_realloc_insert<int const&>(__gnu_cxx::__normal_iterator<int*, std::vector<int, std::allocator<int> > >, int const&)+0xb6ff (??:?)
2026-09-28T11:29:22Z [3,547ms] [Fatal] [carb.crashreporter-breakpad.plugin] 016: libcarb.tasking.plugin.so!make_fcontext+0x39 (??:?)
/path/to/robodojo-openwam/RoboDojo/scripts/eval_policy.sh: line 191: 2103329 Segmentation fault      (core dumped) python -u src/eval_client/main.py --task_name "$task_name" --env_cfg_type "$env_cfg_type" --num_envs "$num_envs" --enable_cameras --kit_args "$KIT_ARGS" --device_id "$device_id" --policy_name "$policy_name" --port "$port" --protocol "$protocol" --policy_server_url "$policy_server_url" --additional_info "$additional_info" --seed "$seed" --host "$host" --headless "${extra_args[@]}" "$@"
[eval_policy] giving up after 1 restart(s) (rc=139, run_id=sz2_openwam_stack_bowls_s0_20260928_1926)
[MAIN] kill server tree 1835404
RUN_EXIT=139
index, memory.used [MiB], utilization.gpu [%]
0, 194 MiB, 0 %
1, 4 MiB, 0 %
2, 5 MiB, 0 %
3, 4 MiB, 0 %
4, 23193 MiB, 58 %
5, 19281 MiB, 0 %
6, 23641 MiB, 0 %
7, 19464 MiB, 53 %
