/path/to/robodojo-openwam/RoboDojo/eval_result/RoboDojo/stack_bowls/OpenWAM/arx_x5/0_ckpt_name=OpenWAM-Alpha-Sim-RoboDojo,action_type=ee/sz2_openwam_stack_bowls_s0_20260928_1944/_result.json
{
  "success_rate": 1.0,
  "eval_time": 1,
  "score": 100.0,
  "details": {
    "0": {
      "layout_id": 0,
      "success": true,
      "score": 1.0
    }
  }
}
USER         PID    PGID COMMAND
index, memory.used [MiB], utilization.gpu [%]
0, 194 MiB, 0 %
1, 4 MiB, 0 %
2, 6 MiB, 0 %
3, 4 MiB, 0 %
4, 19335 MiB, 0 %
5, 19949 MiB, 0 %
6, 23642 MiB, 72 %
7, 20634 MiB, 72 %
